Archive member included to satisfy reference by file (symbol)

/opt/st/stm32cubeide_1.19.0/plugins/com.st.stm32cube.ide.mcu.externaltools.gnu-tools-for-stm32.13.3.rel1.linux64_1.0.0.202410170706/tools/bin/../lib/gcc/arm-none-eabi/13.3.1/../../../../arm-none-eabi/lib/thumb/v7e-m+fp/hard/libc_nano.a(libc_a-exit.o)
                              /opt/st/stm32cubeide_1.19.0/plugins/com.st.stm32cube.ide.mcu.externaltools.gnu-tools-for-stm32.13.3.rel1.linux64_1.0.0.202410170706/tools/bin/../lib/gcc/arm-none-eabi/13.3.1/../../../../arm-none-eabi/lib/thumb/v7e-m+fp/hard/crt0.o (exit)
/opt/st/stm32cubeide_1.19.0/plugins/com.st.stm32cube.ide.mcu.externaltools.gnu-tools-for-stm32.13.3.rel1.linux64_1.0.0.202410170706/tools/bin/../lib/gcc/arm-none-eabi/13.3.1/../../../../arm-none-eabi/lib/thumb/v7e-m+fp/hard/libc_nano.a(libc_a-findfp.o)
                              /opt/st/stm32cubeide_1.19.0/plugins/com.st.stm32cube.ide.mcu.externaltools.gnu-tools-for-stm32.13.3.rel1.linux64_1.0.0.202410170706/tools/bin/../lib/gcc/arm-none-eabi/13.3.1/../../../../arm-none-eabi/lib/thumb/v7e-m+fp/hard/libc_nano.a(libc_a-exit.o) (__stdio_exit_handler)
/opt/st/stm32cubeide_1.19.0/plugins/com.st.stm32cube.ide.mcu.externaltools.gnu-tools-for-stm32.13.3.rel1.linux64_1.0.0.202410170706/tools/bin/../lib/gcc/arm-none-eabi/13.3.1/../../../../arm-none-eabi/lib/thumb/v7e-m+fp/hard/libc_nano.a(libc_a-fwalk.o)
                              /opt/st/stm32cubeide_1.19.0/plugins/com.st.stm32cube.ide.mcu.externaltools.gnu-tools-for-stm32.13.3.rel1.linux64_1.0.0.202410170706/tools/bin/../lib/gcc/arm-none-eabi/13.3.1/../../../../arm-none-eabi/lib/thumb/v7e-m+fp/hard/libc_nano.a(libc_a-findfp.o) (_fwalk_sglue)
/opt/st/stm32cubeide_1.19.0/plugins/com.st.stm32cube.ide.mcu.externaltools.gnu-tools-for-stm32.13.3.rel1.linux64_1.0.0.202410170706/tools/bin/../lib/gcc/arm-none-eabi/13.3.1/../../../../arm-none-eabi/lib/thumb/v7e-m+fp/hard/libc_nano.a(libc_a-printf.o)
                              ./Core/Src/main.o (printf)
/opt/st/stm32cubeide_1.19.0/plugins/com.st.stm32cube.ide.mcu.externaltools.gnu-tools-for-stm32.13.3.rel1.linux64_1.0.0.202410170706/tools/bin/../lib/gcc/arm-none-eabi/13.3.1/../../../../arm-none-eabi/lib/thumb/v7e-m+fp/hard/libc_nano.a(libc_a-putchar.o)
                              ./Core/Src/main.o (putchar)
/opt/st/stm32cubeide_1.19.0/plugins/com.st.stm32cube.ide.mcu.externaltools.gnu-tools-for-stm32.13.3.rel1.linux64_1.0.0.202410170706/tools/bin/../lib/gcc/arm-none-eabi/13.3.1/../../../../arm-none-eabi/lib/thumb/v7e-m+fp/hard/libc_nano.a(libc_a-puts.o)
                              ./Core/Src/main.o (puts)
/opt/st/stm32cubeide_1.19.0/plugins/com.st.stm32cube.ide.mcu.externaltools.gnu-tools-for-stm32.13.3.rel1.linux64_1.0.0.202410170706/tools/bin/../lib/gcc/arm-none-eabi/13.3.1/../../../../arm-none-eabi/lib/thumb/v7e-m+fp/hard/libc_nano.a(libc_a-snprintf.o)
                              ./Core/Src/main.o (snprintf)
/opt/st/stm32cubeide_1.19.0/plugins/com.st.stm32cube.ide.mcu.externaltools.gnu-tools-for-stm32.13.3.rel1.linux64_1.0.0.202410170706/tools/bin/../lib/gcc/arm-none-eabi/13.3.1/../../../../arm-none-eabi/lib/thumb/v7e-m+fp/hard/libc_nano.a(libc_a-stdio.o)
                              /opt/st/stm32cubeide_1.19.0/plugins/com.st.stm32cube.ide.mcu.externaltools.gnu-tools-for-stm32.13.3.rel1.linux64_1.0.0.202410170706/tools/bin/../lib/gcc/arm-none-eabi/13.3.1/../../../../arm-none-eabi/lib/thumb/v7e-m+fp/hard/libc_nano.a(libc_a-findfp.o) (__sread)
/opt/st/stm32cubeide_1.19.0/plugins/com.st.stm32cube.ide.mcu.externaltools.gnu-tools-for-stm32.13.3.rel1.linux64_1.0.0.202410170706/tools/bin/../lib/gcc/arm-none-eabi/13.3.1/../../../../arm-none-eabi/lib/thumb/v7e-m+fp/hard/libc_nano.a(libc_a-wbuf.o)
                              /opt/st/stm32cubeide_1.19.0/plugins/com.st.stm32cube.ide.mcu.externaltools.gnu-tools-for-stm32.13.3.rel1.linux64_1.0.0.202410170706/tools/bin/../lib/gcc/arm-none-eabi/13.3.1/../../../../arm-none-eabi/lib/thumb/v7e-m+fp/hard/libc_nano.a(libc_a-puts.o) (__swbuf_r)
/opt/st/stm32cubeide_1.19.0/plugins/com.st.stm32cube.ide.mcu.externaltools.gnu-tools-for-stm32.13.3.rel1.linux64_1.0.0.202410170706/tools/bin/../lib/gcc/arm-none-eabi/13.3.1/../../../../arm-none-eabi/lib/thumb/v7e-m+fp/hard/libc_nano.a(libc_a-wsetup.o)
                              /opt/st/stm32cubeide_1.19.0/plugins/com.st.stm32cube.ide.mcu.externaltools.gnu-tools-for-stm32.13.3.rel1.linux64_1.0.0.202410170706/tools/bin/../lib/gcc/arm-none-eabi/13.3.1/../../../../arm-none-eabi/lib/thumb/v7e-m+fp/hard/libc_nano.a(libc_a-puts.o) (__swsetup_r)
/opt/st/stm32cubeide_1.19.0/plugins/com.st.stm32cube.ide.mcu.externaltools.gnu-tools-for-stm32.13.3.rel1.linux64_1.0.0.202410170706/tools/bin/../lib/gcc/arm-none-eabi/13.3.1/../../../../arm-none-eabi/lib/thumb/v7e-m+fp/hard/libc_nano.a(libc_a-memset.o)
[...]
Memory Configuration

Name             Origin             Length             Attributes
RAM              0x20000000         0x00018000         xrw
FLASH            0x08000000         0x00080000         xr
*default*        0x00000000         0xffffffff

Linker script and memory map

LOAD /opt/st/stm32cubeide_1.19.0/plugins/com.st.stm32cube.ide.mcu.externaltools.gnu-tools-for-stm32.13.3.rel1.linux64_1.0.0.202410170706/tools/bin/../lib/gcc/arm-none-eabi/13.3.1/thumb/v7e-m+fp/hard/crti.o
LOAD /opt/st/stm32cubeide_1.19.0/plugins/com.st.stm32cube.ide.mcu.externaltools.gnu-tools-for-stm32.13.3.rel1.linux64_1.0.0.202410170706/tools/bin/../lib/gcc/arm-none-eabi/13.3.1/thumb/v7e-m+fp/hard/crtbegin.o
LOAD /opt/st/stm32cubeide_1.19.0/plugins/com.st.stm32cube.ide.mcu.externaltools.gnu-tools-for-stm32.13.3.rel1.linux64_1.0.0.202410170706/tools/bin/../lib/gcc/arm-none-eabi/13.3.1/../../../../arm-none-eabi/lib/thumb/v7e-m+fp/hard/crt0.o
LOAD ./Core/Src/ili9488.o
LOAD ./Core/Src/main.o
LOAD ./Core/Src/platform.o
LOAD ./Core/Src/stm32f4xx_hal_msp.o
LOAD ./Core/Src/stm32f4xx_it.o
LOAD ./Core/Src/syscalls.o
LOAD ./Core/Src/sysmem.o
LOAD ./Core/Src/system_stm32f4xx.o
LOAD ./Core/Src/vl/vl53l7cx_api.o
LOAD ./Core/Src/vl/vl53l7cx_plugin_detection_thresholds.o
LOAD ./Core/Src/vl/vl53l7cx_plugin_motion_indicator.o
LOAD ./Core/Src/vl/vl53l7cx_plugin_xtalk.o
LOAD ./Core/Startup/startup_stm32f401retx.o
LOAD ./Drivers/STM32F4xx_HAL_Driver/Src/stm32f4xx_hal.o
LOAD ./Drivers/STM32F4xx_HAL_Driver/Src/stm32f4xx_hal_cortex.o
LOAD ./Drivers/STM32F4xx_HAL_Driver/Src/stm32f4xx_hal_dma.o
LOAD ./Drivers/STM32F4xx_HAL_Driver/Src/stm32f4xx_hal_dma_ex.o
LOAD ./Drivers/STM32F4xx_HAL_Driver/Src/stm32f4xx_hal_exti.o
LOAD ./Drivers/STM32F4xx_HAL_Driver/Src/stm32f4xx_hal_flash.o
LOAD ./Drivers/STM32F4xx_HAL_Driver/Src/stm32f4xx_hal_flash_ex.o
LOAD ./Drivers/STM32F4xx_HAL_Driver/Src/stm32f4xx_hal_flash_ramfunc.o
LOAD ./Drivers/STM32F4xx_HAL_Driver/Src/stm32f4xx_hal_gpio.o
LOAD ./Drivers/STM32F4xx_HAL_Driver/Src/stm32f4xx_hal_i2c.o
LOAD ./Drivers/STM32F4xx_HAL_Driver/Src/stm32f4xx_hal_i2c_ex.o
LOAD ./Drivers/STM32F4xx_HAL_Driver/Src/stm32f4xx_hal_pwr.o
LOAD ./Drivers/STM32F4xx_HAL_Driver/Src/stm32f4xx_hal_pwr_ex.o
LOAD ./Drivers/STM32F4xx_HAL_Driver/Src/stm32f4xx_hal_rcc.o
LOAD ./Drivers/STM32F4xx_HAL_Driver/Src/stm32f4xx_hal_rcc_ex.o
LOAD ./Drivers/STM32F4xx_HAL_Driver/Src/stm32f4xx_hal_spi.o
LOAD ./Drivers/STM32F4xx_HAL_Driver/Src/stm32f4xx_hal_tim.o
LOAD ./Drivers/STM32F4xx_HAL_Driver/Src/stm32f4xx_hal_tim_ex.o
LOAD ./Drivers/STM32F4xx_HAL_Driver/Src/stm32f4xx_hal_uart.o
START GROUP
LOAD /opt/st/stm32cubeide_1.19.0/plugins/com.st.stm32cube.ide.mcu.externaltools.gnu-tools-for-stm32.13.3.rel1.linux64_1.0.0.202410170706/tools/bin/../lib/gcc/arm-none-eabi/13.3.1/../../../../arm-none-eabi/lib/thumb/v7e-m+fp/hard/libc_nano.a
LOAD /opt/st/stm32cubeide_1.19.0/plugins/com.st.stm32cube.ide.mcu.externaltools.gnu-tools-for-stm32.13.3.rel1.linux64_1.0.0.202410170706/tools/bin/../lib/gcc/arm-none-eabi/13.3.1/../../../../arm-none-eabi/lib/thumb/v7e-m+fp/hard/libm.a
END GROUP
START GROUP
LOAD /opt/st/stm32cubeide_1.19.0/plugins/com.st.stm32cube.ide.mcu.externaltools.gnu-tools-for-stm32.13.3.rel1.linux64_1.0.0.202410170706/tools/bin/../lib/gcc/arm-none-eabi/13.3.1/thumb/v7e-m+fp/hard/libgcc.a
LOAD /opt/st/stm32cubeide_1.19.0/plugins/com.st.stm32cube.ide.mcu.externaltools.gnu-tools-for-stm32.13.3.rel1.linux64_1.0.0.202410170706/tools/bin/../lib/gcc/arm-none-eabi/13.3.1/../../../../arm-none-eabi/lib/thumb/v7e-m+fp/hard/libc_nano.a
END GROUP
START GROUP
LOAD /opt/st/stm32cubeide_1.19.0/plugins/com.st.stm32cube.ide.mcu.externaltools.gnu-tools-for-stm32.13.3.rel1.linux64_1.0.0.202410170706/tools/bin/../lib/gcc/arm-none-eabi/13.3.1/thumb/v7e-m+fp/hard/libgcc.a
LOAD /opt/st/stm32cubeide_1.19.0/plugins/com.st.stm32cube.ide.mcu.externaltools.gnu-tools-for-stm32.13.3.rel1.linux64_1.0.0.202410170706/tools/bin/../lib/gcc/arm-none-eabi/13.3.1/../../../../arm-none-eabi/lib/thumb/v7e-m+fp/hard/libc_nano.a
LOAD /opt/st/stm32cubeide_1.19.0/plugins/com.st.stm32cube.ide.mcu.externaltools.gnu-tools-for-stm32.13.3.rel1.linux64_1.0.0.202410170706/tools/bin/../lib/gcc/arm-none-eabi/13.3.1/../../../../arm-none-eabi/lib/thumb/v7e-m+fp/hard/libnosys.a
END GROUP
START GROUP
LOAD /opt/st/stm32cubeide_1.19.0/plugins/com.st.stm32cube.ide.mcu.externaltools.gnu-tools-for-stm32.13.3.rel1.linux64_1.0.0.202410170706/tools/bin/../lib/gcc/arm-none-eabi/13.3.1/thumb/v7e-m+fp/hard/libgcc.a
LOAD /opt/st/stm32cubeide_1.19.0/plugins/com.st.stm32cube.ide.mcu.externaltools.gnu-tools-for-stm32.13.3.rel1.linux64_1.0.0.202410170706/tools/bin/../lib/gcc/arm-none-eabi/13.3.1/../../../../arm-none-eabi/lib/thumb/v7e-m+fp/hard/libc_nano.a
LOAD /opt/st/stm32cubeide_1.19.0/plugins/com.st.stm32cube.ide.mcu.externaltools.gnu-tools-for-stm32.13.3.rel1.linux64_1.0.0.202410170706/tools/bin/../lib/gcc/arm-none-eabi/13.3.1/../../../../arm-none-eabi/lib/thumb/v7e-m+fp/hard/libnosys.a
END GROUP
LOAD /opt/st/stm32cubeide_1.19.0/plugins/com.st.stm32cube.ide.mcu.externaltools.gnu-tools-for-stm32.13.3.rel1.linux64_1.0.0.202410170706/tools/bin/../lib/gcc/arm-none-eabi/13.3.1/thumb/v7e-m+fp/hard/crtend.o
LOAD /opt/st/stm32cubeide_1.19.0/plugins/com.st.stm32cube.ide.mcu.externaltools.gnu-tools-for-stm32.13.3.rel1.linux64_1.0.0.202410170706/tools/bin/../lib/gcc/arm-none-eabi/13.3.1/thumb/v7e-m+fp/hard/crtn.o
                0x20018000                        _estack = (ORIGIN (RAM) + LENGTH (RAM))
                0x00000200                        _Min_Heap_Size = 0x200
                0x00000400                        _Min_Stack_Size = 0x400

.isr_vector     0x08000000      0x194
                0x08000000                        . = ALIGN (0x4)
 *(.isr_vector)
 .isr_vector    0x08000000      0x194 ./Core/Startup/startup_stm32f401retx.o
                0x08000000                g_pfnVectors
                0x08000194                        . = ALIGN (0x4)

.text           0x080001a0     0x7df0
                0x080001a0                        . = ALIGN (0x4)
 *(.text)
 .text          0x080001a0       0x40 /opt/st/stm32cubeide_1.19.0/plugins/com.st.stm32cube.ide.mcu.externaltools.gnu-tools-for-stm32.13.3.rel1.linux64_1.0.0.202410170706/tools/bin/../lib/gcc/arm-none-eabi/13.3.1/thumb/v7e-m+fp/hard/crtbegin.o
 .text          0x080001e0       0x10 /opt/st/stm32cubeide_1.19.0/plugins/com.st.stm32cube.ide.mcu.externaltools.gnu-tools-for-stm32.13.3.rel1.linux64_1.0.0.202410170706/tools/bin/../lib/gcc/arm-none-eabi/13.3.1/../../../../arm-none-eabi/lib/thumb/v7e-m+fp/hard/libc_nano.a(libc_a-strlen.o)
                0x080001e0                strlen
 .text          0x080001f0       0xa0 /opt/st/stm32cubeide_1.19.0/plugins/com.st.stm32cube.ide.mcu.externaltools.gnu-tools-for-stm32.13.3.rel1.linux64_1.0.0.202410170706/tools/bin/../lib/gcc/arm-none-eabi/13.3.1/../../../../arm-none-eabi/lib/thumb/v7e-m+fp/hard/libc_nano.a(libc_a-memchr.o)
                0x080001f0                memchr
 .text          0x08000290       0x30 /opt/st/stm32cubeide_1.19.0/plugins/com.st.stm32cube.ide.mcu.externaltools.gnu-tools-for-stm32.13.3.rel1.linux64_1.0.0.202410170706/tools/bin/../lib/gcc/arm-none-eabi/13.3.1/thumb/v7e-m+fp/hard/libgcc.a(_aeabi_uldivmod.o)
                0x08000290                __aeabi_uldivmod
 .text          0x080002c0      0x2f8 /opt/st/stm32cubeide_1.19.0/plugins/com.st.stm32cube.ide.mcu.externaltools.gnu-tools-for-stm32.13.3.rel1.linux64_1.0.0.202410170706/tools/bin/../lib/gcc/arm-none-eabi/13.3.1/thumb/v7e-m+fp/hard/libgcc.a(_udivmoddi4.o)
                0x080002c0                __udivmoddi4
 .text          0x080005b8        0x4 /opt/st/stm32cubeide_1.19.0/plugins/com.st.stm32cube.ide.mcu.externaltools.gnu-tools-for-stm32.13.3.rel1.linux64_1.0.0.202410170706/tools/bin/../lib/gcc/arm-none-eabi/13.3.1/thumb/v7e-m+fp/hard/libgcc.a(_dvmd_tls.o)
                0x080005b8                __aeabi_ldiv0
                0x080005b8                __aeabi_idiv0
 *(.text*)
 .text.ILI9488_SendCommand
                0x080005bc       0x54 ./Core/Src/ili9488.o
                0x080005bc                ILI9488_SendCommand
 .text.ILI9488_SendData
                0x08000610       0x54 ./Core/Src/ili9488.o
                0x08000610                ILI9488_SendData
 .text.ILI9488_SendData_Multi
                0x08000664       0x74 ./Core/Src/ili9488.o
                0x08000664                ILI9488_SendData_Multi
 .text.ILI9488_Init
                0x080006d8      0x1d4 ./Core/Src/ili9488.o
                0x080006d8                ILI9488_Init
 .text.setAddrWindow
                0x080008ac       0x90 ./Core/Src/ili9488.o
                0x080008ac                setAddrWindow
 .text.drawPixel
                0x0800093c       0xa8 ./Core/Src/ili9488.o
                0x0800093c                drawPixel
 .text.fillScreen
                0x080009e4       0x34 ./Core/Src/ili9488.o
                0x080009e4                fillScreen
 .text.fillRect
                0x08000a18      0x290 ./Core/Src/ili9488.o
                0x08000a18                fillRect
 .text.setRotation
                0x08000ca8       0xa4 ./Core/Src/ili9488.o
                0x08000ca8                setRotation
 .text.drawChar
                0x08000d4c      0x2dc ./Core/Src/ili9488.o
                0x08000d4c                drawChar
 .text.ILI9488_printText
                0x08001028       0x82 ./Core/Src/ili9488.o
                0x08001028                ILI9488_printText
 *fill*         0x080010aa        0x2 
 .text.write16BitColor
                0x080010ac       0x98 ./Core/Src/ili9488.o
                0x080010ac                write16BitColor
 .text.main     0x08001144      0x248 ./Core/Src/main.o
                0x08001144                main
 .text.SystemClock_Config
                0x0800138c       0xd4 ./Core/Src/main.o
                0x0800138c                SystemClock_Config
 .text.MX_I2C1_Init
                0x08001460       0x5c ./Core/Src/main.o
 .text.MX_SPI1_Init
                0x080014bc       0x6c ./Core/Src/main.o
 .text.MX_TIM11_Init
                0x08001528       0x48 ./Core/Src/main.o
 .text.MX_USART2_UART_Init
                0x08001570       0x54 ./Core/Src/main.o
 .text.MX_GPIO_Init
                0x080015c4      0x158 ./Core/Src/main.o
 .text.get_data_by_polling
                0x0800171c       0xe8 ./Core/Src/main.o
                0x0800171c                get_data_by_polling
 .text.Error_Handler
                0x08001804        0xc ./Core/Src/main.o
                0x08001804                Error_Handler
 .text.VL53L7CX_RdByte
                0x08001810       0x68 ./Core/Src/platform.o
                0x08001810                VL53L7CX_RdByte
 .text.VL53L7CX_WrByte
                0x08001878       0x50 ./Core/Src/platform.o
                0x08001878                VL53L7CX_WrByte
 .text.VL53L7CX_WrMulti
                0x080018c8       0x40 ./Core/Src/platform.o
                0x080018c8                VL53L7CX_WrMulti
 .text.VL53L7CX_RdMulti
                0x08001908       0x64 ./Core/Src/platform.o
                0x08001908                VL53L7CX_RdMulti
 .text.VL53L7CX_SwapBuffer
                0x0800196c       0x6c ./Core/Src/platform.o
                0x0800196c                VL53L7CX_SwapBuffer
 .text.VL53L7CX_WaitMs
                0x080019d8       0x1a ./Core/Src/platform.o
                0x080019d8                VL53L7CX_WaitMs
 *fill*         0x080019f2        0x2 
 .text.HAL_MspInit
                0x080019f4       0x50 ./Core/Src/stm32f4xx_hal_msp.o
                0x080019f4                HAL_MspInit
 .text.HAL_I2C_MspInit
                0x08001a44       0x90 ./Core/Src/stm32f4xx_hal_msp.o
                0x08001a44                HAL_I2C_MspInit
 .text.HAL_SPI_MspInit
                0x08001ad4       0xd0 ./Core/Src/stm32f4xx_hal_msp.o
                0x08001ad4                HAL_SPI_MspInit
 .text.HAL_TIM_Base_MspInit
                0x08001ba4       0x44 ./Core/Src/stm32f4xx_hal_msp.o
                0x08001ba4                HAL_TIM_Base_MspInit
 .text.HAL_UART_MspInit
                0x08001be8       0x90 ./Core/Src/stm32f4xx_hal_msp.o
                0x08001be8                HAL_UART_MspInit
 .text.NMI_Handler
                0x08001c78        0x8 ./Core/Src/stm32f4xx_it.o
                0x08001c78                NMI_Handler
 .text.HardFault_Handler
                0x08001c80        0x8 ./Core/Src/stm32f4xx_it.o
                0x08001c80                HardFault_Handler
 .text.MemManage_Handler
                0x08001c88        0x8 ./Core/Src/stm32f4xx_it.o
                0x08001c88                MemManage_Handler
 .text.BusFault_Handler
                0x08001c90        0x8 ./Core/Src/stm32f4xx_it.o
                0x08001c90                BusFault_Handler
 .text.UsageFault_Handler
                0x08001c98        0x8 ./Core/Src/stm32f4xx_it.o
                0x08001c98                UsageFault_Handler
 .text.SVC_Handler
                0x08001ca0        0xe ./Core/Src/stm32f4xx_it.o
                0x08001ca0                SVC_Handler
 .text.DebugMon_Handler
                0x08001cae        0xe ./Core/Src/stm32f4xx_it.o
                0x08001cae                DebugMon_Handler
 .text.PendSV_Handler
                0x08001cbc        0xe ./Core/Src/stm32f4xx_it.o
                0x08001cbc                PendSV_Handler
 .text.SysTick_Handler
                0x08001cca        0xc ./Core/Src/stm32f4xx_it.o
                0x08001cca                SysTick_Handler
 .text._read    0x08001cd6       0x3a ./Core/Src/syscalls.o
                0x08001cd6                _read
 .text._write   0x08001d10       0x38 ./Core/Src/syscalls.o
                0x08001d10                _write
 .text._close   0x08001d48       0x18 ./Core/Src/syscalls.o
                0x08001d48                _close
 .text._fstat   0x08001d60       0x20 ./Core/Src/syscalls.o
                0x08001d60                _fstat
 .text._isatty  0x08001d80       0x16 ./Core/Src/syscalls.o
                0x08001d80                _isatty
 .text._lseek   0x08001d96       0x1a ./Core/Src/syscalls.o
                0x08001d96                _lseek
 .text._sbrk    0x08001db0       0x6c ./Core/Src/sysmem.o
                0x08001db0                _sbrk
 .text.SystemInit
                0x08001e1c       0x24 ./Core/Src/system_stm32f4xx.o
                0x08001e1c                SystemInit
 .text._vl53l7cx_poll_for_answer
                0x08001e40       0xa0 ./Core/Src/vl/vl53l7cx_api.o
 .text._vl53l7cx_poll_for_mcu_boot
                0x08001ee0       0x82 ./Core/Src/vl/vl53l7cx_api.o
 *fill*         0x08001f62        0x2 
 .text._vl53l7cx_send_offset_data
                0x08001f64      0x398 ./Core/Src/vl/vl53l7cx_api.o
 .text._vl53l7cx_send_xtalk_data
                0x080022fc      0x298 ./Core/Src/vl/vl53l7cx_api.o
 .text.vl53l7cx_is_alive
                0x08002594       0x92 ./Core/Src/vl/vl53l7cx_api.o
                0x08002594                vl53l7cx_is_alive
 *fill*         0x08002626        0x2 
 .text.vl53l7cx_init
                0x08002628      0x8d8 ./Core/Src/vl/vl53l7cx_api.o
                0x08002628                vl53l7cx_init
 .text.vl53l7cx_start_ranging
                0x08002f00      0x2f4 ./Core/Src/vl/vl53l7cx_api.o
                0x08002f00                vl53l7cx_start_ranging
 .text.vl53l7cx_check_data_ready
                0x080031f4       0xa0 ./Core/Src/vl/vl53l7cx_api.o
                0x080031f4                vl53l7cx_check_data_ready
 .text.vl53l7cx_get_ranging_data
                0x08003294      0x434 ./Core/Src/vl/vl53l7cx_api.o
                0x08003294                vl53l7cx_get_ranging_data
 .text.vl53l7cx_get_resolution
                0x080036c8       0x4a ./Core/Src/vl/vl53l7cx_api.o
                0x080036c8                vl53l7cx_get_resolution
 .text.vl53l7cx_set_ranging_frequency_hz
                0x08003712       0x42 ./Core/Src/vl/vl53l7cx_api.o
                0x08003712                vl53l7cx_set_ranging_frequency_hz
 .text.vl53l7cx_set_ranging_mode
                0x08003754       0xae ./Core/Src/vl/vl53l7cx_api.o
                0x08003754                vl53l7cx_set_ranging_mode
 *fill*         0x08003802        0x2 
 .text.vl53l7cx_dci_read_data
                0x08003804      0x114 ./Core/Src/vl/vl53l7cx_api.o
                0x08003804                vl53l7cx_dci_read_data
 .text.vl53l7cx_dci_write_data
                0x08003918      0x13c ./Core/Src/vl/vl53l7cx_api.o
                0x08003918                vl53l7cx_dci_write_data
 .text.vl53l7cx_dci_replace_data
                0x08003a54       0x58 ./Core/Src/vl/vl53l7cx_api.o
                0x08003a54                vl53l7cx_dci_replace_data
 .text.Reset_Handler
                0x08003aac       0x50 ./Core/Startup/startup_stm32f401retx.o
                0x08003aac                Reset_Handler
 .text.Default_Handler
                0x08003afc        0x2 ./Core/Startup/startup_stm32f401retx.o
                0x08003afc                RTC_Alarm_IRQHandler
                0x08003afc                EXTI2_IRQHandler
                0x08003afc                SPI4_IRQHandler
                0x08003afc                TIM1_CC_IRQHandler
                0x08003afc                DMA2_Stream5_IRQHandler
                0x08003afc                DMA1_Stream5_IRQHandler
                0x08003afc                PVD_IRQHandler
                0x08003afc                SDIO_IRQHandler
                0x08003afc                TAMP_STAMP_IRQHandler
                0x08003afc                EXTI3_IRQHandler
                0x08003afc                TIM1_UP_TIM10_IRQHandler
                0x08003afc                I2C3_ER_IRQHandler
                0x08003afc                EXTI0_IRQHandler
                0x08003afc                I2C2_EV_IRQHandler
                0x08003afc                DMA1_Stream2_IRQHandler
                0x08003afc                FPU_IRQHandler
                0x08003afc                DMA2_Stream2_IRQHandler
                0x08003afc                SPI1_IRQHandler
                0x08003afc                TIM1_BRK_TIM9_IRQHandler
                0x08003afc                DMA2_Stream3_IRQHandler
                0x08003afc                USART6_IRQHandler
                0x08003afc                DMA2_Stream0_IRQHandler
                0x08003afc                TIM4_IRQHandler
                0x08003afc                I2C1_EV_IRQHandler
                0x08003afc                DMA1_Stream6_IRQHandler
                0x08003afc                DMA1_Stream1_IRQHandler
                0x08003afc                TIM3_IRQHandler
                0x08003afc                RCC_IRQHandler
                0x08003afc                Default_Handler
                0x08003afc                EXTI15_10_IRQHandler
                0x08003afc                ADC_IRQHandler
                0x08003afc                DMA1_Stream7_IRQHandler
                0x08003afc                TIM5_IRQHandler
                0x08003afc                DMA2_Stream7_IRQHandler
                0x08003afc                I2C3_EV_IRQHandler
                0x08003afc                EXTI9_5_IRQHandler
                0x08003afc                RTC_WKUP_IRQHandler
                0x08003afc                SPI2_IRQHandler
                0x08003afc                DMA1_Stream0_IRQHandler
                0x08003afc                EXTI4_IRQHandler
                0x08003afc                WWDG_IRQHandler
                0x08003afc                TIM2_IRQHandler
                0x08003afc                OTG_FS_WKUP_IRQHandler
                0x08003afc                TIM1_TRG_COM_TIM11_IRQHandler
                0x08003afc                EXTI1_IRQHandler
                0x08003afc                USART2_IRQHandler
                0x08003afc                I2C2_ER_IRQHandler
                0x08003afc                DMA2_Stream1_IRQHandler
                0x08003afc                FLASH_IRQHandler
                0x08003afc                DMA2_Stream4_IRQHandler
                0x08003afc                USART1_IRQHandler
                0x08003afc                OTG_FS_IRQHandler
                0x08003afc                SPI3_IRQHandler
                0x08003afc                DMA1_Stream4_IRQHandler
                0x08003afc                I2C1_ER_IRQHandler
                0x08003afc                DMA2_Stream6_IRQHandler
                0x08003afc                DMA1_Stream3_IRQHandler
 *fill*         0x08003afe        0x2 
 .text.HAL_Init
                0x08003b00       0x44 ./Drivers/STM32F4xx_HAL_Driver/Src/stm32f4xx_hal.o
                0x08003b00                HAL_Init
 .text.HAL_InitTick
                0x08003b44       0x60 ./Drivers/STM32F4xx_HAL_Driver/Src/stm32f4xx_hal.o
                0x08003b44                HAL_InitTick
 .text.HAL_IncTick
                0x08003ba4       0x28 ./Drivers/STM32F4xx_HAL_Driver/Src/stm32f4xx_hal.o
                0x08003ba4                HAL_IncTick
 .text.HAL_GetTick
                0x08003bcc       0x18 ./Drivers/STM32F4xx_HAL_Driver/Src/stm32f4xx_hal.o
                0x08003bcc                HAL_GetTick
 .text.HAL_Delay
                0x08003be4       0x48 ./Drivers/STM32F4xx_HAL_Driver/Src/stm32f4xx_hal.o
                0x08003be4                HAL_Delay
 .text.__NVIC_SetPriorityGrouping
                0x08003c2c       0x48 ./Drivers/STM32F4xx_HAL_Driver/Src/stm32f4xx_hal_cortex.o
 .text.__NVIC_GetPriorityGrouping
                0x08003c74       0x1c ./Drivers/STM32F4xx_HAL_Driver/Src/stm32f4xx_hal_cortex.o
 .text.__NVIC_SetPriority
                0x08003c90       0x54 ./Drivers/STM32F4xx_HAL_Driver/Src/stm32f4xx_hal_cortex.o
 .text.NVIC_EncodePriority
                0x08003ce4       0x66 ./Drivers/STM32F4xx_HAL_Driver/Src/stm32f4xx_hal_cortex.o
 *fill*         0x08003d4a        0x2 
 .text.SysTick_Config
                0x08003d4c       0x44 ./Drivers/STM32F4xx_HAL_Driver/Src/stm32f4xx_hal_cortex.o
 .text.HAL_NVIC_SetPriorityGrouping
                0x08003d90       0x16 ./Drivers/STM32F4xx_HAL_Driver/Src/stm32f4xx_hal_cortex.o
                0x08003d90                HAL_NVIC_SetPriorityGrouping
 .text.HAL_NVIC_SetPriority
                0x08003da6       0x38 ./Drivers/STM32F4xx_HAL_Driver/Src/stm32f4xx_hal_cortex.o
                0x08003da6                HAL_NVIC_SetPriority
 .text.HAL_SYSTICK_Config
                0x08003dde       0x18 ./Drivers/STM32F4xx_HAL_Driver/Src/stm32f4xx_hal_cortex.o
                0x08003dde                HAL_SYSTICK_Config
 *fill*         0x08003df6        0x2 
 .text.HAL_GPIO_Init
                0x08003df8      0x308 ./Drivers/STM32F4xx_HAL_Driver/Src/stm32f4xx_hal_gpio.o
                0x08003df8                HAL_GPIO_Init
 .text.HAL_GPIO_WritePin
                0x08004100       0x32 ./Drivers/STM32F4xx_HAL_Driver/Src/stm32f4xx_hal_gpio.o
                0x08004100                HAL_GPIO_WritePin
 *fill*         0x08004132        0x2 
 .text.HAL_I2C_Init
                0x08004134      0x288 ./Drivers/STM32F4xx_HAL_Driver/Src/stm32f4xx_hal_i2c.o
                0x08004134                HAL_I2C_Init
 .text.HAL_I2C_Master_Transmit
                0x080043bc      0x1fc ./Drivers/STM32F4xx_HAL_Driver/Src/stm32f4xx_hal_i2c.o
                0x080043bc                HAL_I2C_Master_Transmit
 .text.HAL_I2C_Master_Receive
                0x080045b8      0x464 ./Drivers/STM32F4xx_HAL_Driver/Src/stm32f4xx_hal_i2c.o
                0x080045b8                HAL_I2C_Master_Receive
 .text.HAL_I2C_Mem_Write
                0x08004a1c      0x1f4 ./Drivers/STM32F4xx_HAL_Driver/Src/stm32f4xx_hal_i2c.o
                0x08004a1c                HAL_I2C_Mem_Write
 .text.I2C_MasterRequestWrite
                0x08004c10      0x104 ./Drivers/STM32F4xx_HAL_Driver/Src/stm32f4xx_hal_i2c.o
 .text.I2C_MasterRequestRead
                0x08004d14      0x19c ./Drivers/STM32F4xx_HAL_Driver/Src/stm32f4xx_hal_i2c.o
 .text.I2C_RequestMemoryWrite
                0x08004eb0      0x12c ./Drivers/STM32F4xx_HAL_Driver/Src/stm32f4xx_hal_i2c.o
 .text.I2C_WaitOnFlagUntilTimeout
                0x08004fdc       0xf4 ./Drivers/STM32F4xx_HAL_Driver/Src/stm32f4xx_hal_i2c.o
 .text.I2C_WaitOnMasterAddressFlagUntilTimeout
                0x080050d0      0x140 ./Drivers/STM32F4xx_HAL_Driver/Src/stm32f4xx_hal_i2c.o
 .text.I2C_WaitOnTXEFlagUntilTimeout
                0x08005210       0x90 ./Drivers/STM32F4xx_HAL_Driver/Src/stm32f4xx_hal_i2c.o
 .text.I2C_WaitOnBTFFlagUntilTimeout
                0x080052a0       0x90 ./Drivers/STM32F4xx_HAL_Driver/Src/stm32f4xx_hal_i2c.o
 .text.I2C_WaitOnRXNEFlagUntilTimeout
                0x08005330       0xba ./Drivers/STM32F4xx_HAL_Driver/Src/stm32f4xx_hal_i2c.o
 .text.I2C_IsAcknowledgeFailed
                0x080053ea       0x5e ./Drivers/STM32F4xx_HAL_Driver/Src/stm32f4xx_hal_i2c.o
 .text.HAL_RCC_OscConfig
                0x08005448      0x4f0 ./Drivers/STM32F4xx_HAL_Driver/Src/stm32f4xx_hal_rcc.o
                0x08005448                HAL_RCC_OscConfig
 .text.HAL_RCC_ClockConfig
                0x08005938      0x1cc ./Drivers/STM32F4xx_HAL_Driver/Src/stm32f4xx_hal_rcc.o
                0x08005938                HAL_RCC_ClockConfig
 .text.HAL_RCC_GetSysClockFreq
                0x08005b04      0x18c ./Drivers/STM32F4xx_HAL_Driver/Src/stm32f4xx_hal_rcc.o
                0x08005b04                HAL_RCC_GetSysClockFreq
 .text.HAL_RCC_GetHCLKFreq
                0x08005c90       0x18 ./Drivers/STM32F4xx_HAL_Driver/Src/stm32f4xx_hal_rcc.o
                0x08005c90                HAL_RCC_GetHCLKFreq
 .text.HAL_RCC_GetPCLK1Freq
                0x08005ca8       0x28 ./Drivers/STM32F4xx_HAL_Driver/Src/stm32f4xx_hal_rcc.o
                0x08005ca8                HAL_RCC_GetPCLK1Freq
 .text.HAL_RCC_GetPCLK2Freq
                0x08005cd0       0x28 ./Drivers/STM32F4xx_HAL_Driver/Src/stm32f4xx_hal_rcc.o
                0x08005cd0                HAL_RCC_GetPCLK2Freq
 .text.HAL_SPI_Init
                0x08005cf8      0x112 ./Drivers/STM32F4xx_HAL_Driver/Src/stm32f4xx_hal_spi.o
                0x08005cf8                HAL_SPI_Init
 .text.HAL_SPI_Transmit
                0x08005e0a      0x288 ./Drivers/STM32F4xx_HAL_Driver/Src/stm32f4xx_hal_spi.o
                0x08005e0a                HAL_SPI_Transmit
 *fill*         0x08006092        0x2 
 .text.SPI_WaitFlagStateUntilTimeout
                0x08006094      0x110 ./Drivers/STM32F4xx_HAL_Driver/Src/stm32f4xx_hal_spi.o
 .text.SPI_EndRxTxTransaction
                0x080061a4       0xa8 ./Drivers/STM32F4xx_HAL_Driver/Src/stm32f4xx_hal_spi.o
 .text.HAL_TIM_Base_Init
                0x0800624c       0x9e ./Drivers/STM32F4xx_HAL_Driver/Src/stm32f4xx_hal_tim.o
                0x0800624c                HAL_TIM_Base_Init
 *fill*         0x080062ea        0x2 
 .text.TIM_Base_SetConfig
                0x080062ec      0x10c ./Drivers/STM32F4xx_HAL_Driver/Src/stm32f4xx_hal_tim.o
                0x080062ec                TIM_Base_SetConfig
 .text.HAL_UART_Init
                0x080063f8       0xa0 ./Drivers/STM32F4xx_HAL_Driver/Src/stm32f4xx_hal_uart.o
                0x080063f8                HAL_UART_Init
 .text.HAL_UART_Transmit
                0x08006498      0x116 ./Drivers/STM32F4xx_HAL_Driver/Src/stm32f4xx_hal_uart.o
                0x08006498                HAL_UART_Transmit
 .text.UART_WaitOnFlagUntilTimeout
                0x080065ae       0xb2 ./Drivers/STM32F4xx_HAL_Driver/Src/stm32f4xx_hal_uart.o
 .text.UART_EndRxTransfer
                0x08006660       0xc6 ./Drivers/STM32F4xx_HAL_Driver/Src/stm32f4xx_hal_uart.o
 *fill*         0x08006726        0x2 
 .text.UART_SetConfig
                0x08006728      0x4e8 ./Drivers/STM32F4xx_HAL_Driver/Src/stm32f4xx_hal_uart.o
 .text.std      0x08006c10       0x6c /opt/st/stm32cubeide_1.19.0/plugins/com.st.stm32cube.ide.mcu.externaltools.gnu-tools-for-stm32.13.3.rel1.linux64_1.0.0.202410170706/tools/bin/../lib/gcc/arm-none-eabi/13.3.1/../../../../arm-none-eabi/lib/thumb/v7e-m+fp/hard/libc_nano.a(libc_a-findfp.o)
 .text.stdio_exit_handler
                0x08006c7c       0x18 /opt/st/stm32cubeide_1.19.0/plugins/com.st.stm32cube.ide.mcu.externaltools.gnu-tools-for-stm32.13.3.rel1.linux64_1.0.0.202410170706/tools/bin/../lib/gcc/arm-none-eabi/13.3.1/../../../../arm-none-eabi/lib/thumb/v7e-m+fp/hard/libc_nano.a(libc_a-findfp.o)
 .text.cleanup_stdio
                0x08006c94       0x40 /opt/st/stm32cubeide_1.19.0/plugins/com.st.stm32cube.ide.mcu.externaltools.gnu-tools-for-stm32.13.3.rel1.linux64_1.0.0.202410170706/tools/bin/../lib/gcc/arm-none-eabi/13.3.1/../../../../arm-none-eabi/lib/thumb/v7e-m+fp/hard/libc_nano.a(libc_a-findfp.o)
 .text.global_stdio_init.part.0
                0x08006cd4       0x3c /opt/st/stm32cubeide_1.19.0/plugins/com.st.stm32cube.ide.mcu.externaltools.gnu-tools-for-stm32.13.3.rel1.linux64_1.0.0.202410170706/tools/bin/../lib/gcc/arm-none-eabi/13.3.1/../../../../arm-none-eabi/lib/thumb/v7e-m+fp/hard/libc_nano.a(libc_a-findfp.o)
 .text.__sfp_lock_acquire
                0x08006d10        0xc /opt/st/stm32cubeide_1.19.0/plugins/com.st.stm32cube.ide.mcu.externaltools.gnu-tools-for-stm32.13.3.rel1.linux64_1.0.0.202410170706/tools/bin/../lib/gcc/arm-none-eabi/13.3.1/../../../../arm-none-eabi/lib/thumb/v7e-m+fp/hard/libc_nano.a(libc_a-findfp.o)
                0x08006d10                __sfp_lock_acquire
 .text.__sfp_lock_release
                0x08006d1c        0xc /opt/st/stm32cubeide_1.19.0/plugins/com.st.stm32cube.ide.mcu.externaltools.gnu-tools-for-stm32.13.3.rel1.linux64_1.0.0.202410170706/tools/bin/../lib/gcc/arm-none-eabi/13.3.1/../../../../arm-none-eabi/lib/thumb/v7e-m+fp/hard/libc_nano.a(libc_a-findfp.o)
                0x08006d1c                __sfp_lock_release
 .text.__sinit  0x08006d28       0x30 /opt/st/stm32cubeide_1.19.0/plugins/com.st.stm32cube.ide.mcu.externaltools.gnu-tools-for-stm32.13.3.rel1.linux64_1.0.0.202410170706/tools/bin/../lib/gcc/arm-none-eabi/13.3.1/../../../../arm-none-eabi/lib/thumb/v7e-m+fp/hard/libc_nano.a(libc_a-findfp.o)
                0x08006d28                __sinit
 .text._fwalk_sglue
                0x08006d58       0x3c /opt/st/stm32cubeide_1.19.0/plugins/com.st.stm32cube.ide.mcu.externaltools.gnu-tools-for-stm32.13.3.rel1.linux64_1.0.0.202410170706/tools/bin/../lib/gcc/arm-none-eabi/13.3.1/../../../../arm-none-eabi/lib/thumb/v7e-m+fp/hard/libc_nano.a(libc_a-fwalk.o)
                0x08006d58                _fwalk_sglue
 .text.printf   0x08006d94       0x24 /opt/st/stm32cubeide_1.19.0/plugins/com.st.stm32cube.ide.mcu.externaltools.gnu-tools-for-stm32.13.3.rel1.linux64_1.0.0.202410170706/tools/bin/../lib/gcc/arm-none-eabi/13.3.1/../../../../arm-none-eabi/lib/thumb/v7e-m+fp/hard/libc_nano.a(libc_a-printf.o)
                0x08006d94                printf
                0x08006d94                iprintf
 .text.putchar  0x08006db8       0x10 /opt/st/stm32cubeide_1.19.0/plugins/com.st.stm32cube.ide.mcu.externaltools.gnu-tools-for-stm32.13.3.rel1.linux64_1.0.0.202410170706/tools/bin/../lib/gcc/arm-none-eabi/13.3.1/../../../../arm-none-eabi/lib/thumb/v7e-m+fp/hard/libc_nano.a(libc_a-putchar.o)
                0x08006db8                putchar
 .text._puts_r  0x08006dc8       0xaa /opt/st/stm32cubeide_1.19.0/plugins/com.st.stm32cube.ide.mcu.externaltools.gnu-tools-for-stm32.13.3.rel1.linux64_1.0.0.202410170706/tools/bin/../lib/gcc/arm-none-eabi/13.3.1/../../../../arm-none-eabi/lib/thumb/v7e-m+fp/hard/libc_nano.a(libc_a-puts.o)
                0x08006dc8                _puts_r
 *fill*         0x08006e72        0x2 
 .text.puts     0x08006e74       0x10 /opt/st/stm32cubeide_1.19.0/plugins/com.st.stm32cube.ide.mcu.externaltools.gnu-tools-for-stm32.13.3.rel1.linux64_1.0.0.202410170706/tools/bin/../lib/gcc/arm-none-eabi/13.3.1/../../../../arm-none-eabi/lib/thumb/v7e-m+fp/hard/libc_nano.a(libc_a-puts.o)
                0x08006e74                puts
 .text.snprintf
                0x08006e84       0x6c /opt/st/stm32cubeide_1.19.0/plugins/com.st.stm32cube.ide.mcu.externaltools.gnu-tools-for-stm32.13.3.rel1.linux64_1.0.0.202410170706/tools/bin/../lib/gcc/arm-none-eabi/13.3.1/../../../../arm-none-eabi/lib/thumb/v7e-m+fp/hard/libc_nano.a(libc_a-snprintf.o)
                0x08006e84                snprintf
                0x08006e84                sniprintf
 .text.__sread  0x08006ef0       0x22 /opt/st/stm32cubeide_1.19.0/plugins/com.st.stm32cube.ide.mcu.externaltools.gnu-tools-for-stm32.13.3.rel1.linux64_1.0.0.202410170706/tools/bin/../lib/gcc/arm-none-eabi/13.3.1/../../../../arm-none-eabi/lib/thumb/v7e-m+fp/hard/libc_nano.a(libc_a-stdio.o)
                0x08006ef0                __sread
 .text.__swrite
                0x08006f12       0x38 /opt/st/stm32cubeide_1.19.0/plugins/com.st.stm32cube.ide.mcu.externaltools.gnu-tools-for-stm32.13.3.rel1.linux64_1.0.0.202410170706/tools/bin/../lib/gcc/arm-none-eabi/13.3.1/../../../../arm-none-eabi/lib/thumb/v7e-m+fp/hard/libc_nano.a(libc_a-stdio.o)
                0x08006f12                __swrite
 .text.__sseek  0x08006f4a       0x24 /opt/st/stm32cubeide_1.19.0/plugins/com.st.stm32cube.ide.mcu.externaltools.gnu-tools-for-stm32.13.3.rel1.linux64_1.0.0.202410170706/tools/bin/../lib/gcc/arm-none-eabi/13.3.1/../../../../arm-none-eabi/lib/thumb/v7e-m+fp/hard/libc_nano.a(libc_a-stdio.o)
                0x08006f4a                __sseek
 .text.__sclose
                0x08006f6e        0x8 /opt/st/stm32cubeide_1.19.0/plugins/com.st.stm32cube.ide.mcu.externaltools.gnu-tools-for-stm32.13.3.rel1.linux64_1.0.0.202410170706/tools/bin/../lib/gcc/arm-none-eabi/13.3.1/../../../../arm-none-eabi/lib/thumb/v7e-m+fp/hard/libc_nano.a(libc_a-stdio.o)
                0x08006f6e                __sclose
 .text.__swbuf_r
                0x08006f76       0x7c /opt/st/stm32cubeide_1.19.0/plugins/com.st.stm32cube.ide.mcu.externaltools.gnu-tools-for-stm32.13.3.rel1.linux64_1.0.0.202410170706/tools/bin/../lib/gcc/arm-none-eabi/13.3.1/../../../../arm-none-eabi/lib/thumb/v7e-m+fp/hard/libc_nano.a(libc_a-wbuf.o)
                0x08006f76                __swbuf_r
 *fill*         0x08006ff2        0x2 
 .text.__swsetup_r
                0x08006ff4       0xac /opt/st/stm32cubeide_1.19.0/plugins/com.st.stm32cube.ide.mcu.externaltools.gnu-tools-for-stm32.13.3.rel1.linux64_1.0.0.202410170706/tools/bin/../lib/gcc/arm-none-eabi/13.3.1/../../../../arm-none-eabi/lib/thumb/v7e-m+fp/hard/libc_nano.a(libc_a-wsetup.o)
                0x08006ff4                __swsetup_r
 .text.memset   0x080070a0       0x10 /opt/st/stm32cubeide_1.19.0/plugins/com.st.stm32cube.ide.mcu.externaltools.gnu-tools-for-stm32.13.3.rel1.linux64_1.0.0.202410170706/tools/bin/../lib/gcc/arm-none-eabi/13.3.1/../../../../arm-none-eabi/lib/thumb/v7e-m+fp/hard/libc_nano.a(libc_a-memset.o)
                0x080070a0                memset
 .text._close_r
                0x080070b0       0x20 /opt/st/stm32cubeide_1.19.0/plugins/com.st.stm32cube.ide.mcu.externaltools.gnu-tools-for-stm32.13.3.rel1.linux64_1.0.0.202410170706/tools/bin/../lib/gcc/arm-none-eabi/13.3.1/../../../../arm-none-eabi/lib/thumb/v7e-m+fp/hard/libc_nano.a(libc_a-closer.o)
                0x080070b0                _close_r
 .text._lseek_r
                0x080070d0       0x24 /opt/st/stm32cubeide_1.19.0/plugins/com.st.stm32cube.ide.mcu.externaltools.gnu-tools-for-stm32.13.3.rel1.linux64_1.0.0.202410170706/tools/bin/../lib/gcc/arm-none-eabi/13.3.1/../../../../arm-none-eabi/lib/thumb/v7e-m+fp/hard/libc_nano.a(libc_a-lseekr.o)
                0x080070d0                _lseek_r
 .text._read_r  0x080070f4       0x24 /opt/st/stm32cubeide_1.19.0/plugins/com.st.stm32cube.ide.mcu.externaltools.gnu-tools-for-stm32.13.3.rel1.linux64_1.0.0.202410170706/tools/bin/../lib/gcc/arm-none-eabi/13.3.1/../../../../arm-none-eabi/lib/thumb/v7e-m+fp/hard/libc_nano.a(libc_a-readr.o)
                0x080070f4                _read_r
 .text._write_r
                0x08007118       0x24 /opt/st/stm32cubeide_1.19.0/plugins/com.st.stm32cube.ide.mcu.externaltools.gnu-tools-for-stm32.13.3.rel1.linux64_1.0.0.202410170706/tools/bin/../lib/gcc/arm-none-eabi/13.3.1/../../../../arm-none-eabi/lib/thumb/v7e-m+fp/hard/libc_nano.a(libc_a-writer.o)
                0x08007118                _write_r
 .text.__errno  0x0800713c        0xc /opt/st/stm32cubeide_1.19.0/plugins/com.st.stm32cube.ide.mcu.externaltools.gnu-tools-for-stm32.13.3.rel1.linux64_1.0.0.202410170706/tools/bin/../lib/gcc/arm-none-eabi/13.3.1/../../../../arm-none-eabi/lib/thumb/v7e-m+fp/hard/libc_nano.a(libc_a-errno.o)
                0x0800713c                __errno
 .text.__libc_init_array
                0x08007148       0x48 /opt/st/stm32cubeide_1.19.0/plugins/com.st.stm32cube.ide.mcu.externaltools.gnu-tools-for-stm32.13.3.rel1.linux64_1.0.0.202410170706/tools/bin/../lib/gcc/arm-none-eabi/13.3.1/../../../../arm-none-eabi/lib/thumb/v7e-m+fp/hard/libc_nano.a(libc_a-init.o)
                0x08007148                __libc_init_array
 .text.__retarget_lock_init_recursive
                0x08007190        0x2 /opt/st/stm32cubeide_1.19.0/plugins/com.st.stm32cube.ide.mcu.externaltools.gnu-tools-for-stm32.13.3.rel1.linux64_1.0.0.202410170706/tools/bin/../lib/gcc/arm-none-eabi/13.3.1/../../../../arm-none-eabi/lib/thumb/v7e-m+fp/hard/libc_nano.a(libc_a-lock.o)
                0x08007190                __retarget_lock_init_recursive
 .text.__retarget_lock_acquire_recursive
                0x08007192        0x2 /opt/st/stm32cubeide_1.19.0/plugins/com.st.stm32cube.ide.mcu.externaltools.gnu-tools-for-stm32.13.3.rel1.linux64_1.0.0.202410170706/tools/bin/../lib/gcc/arm-none-eabi/13.3.1/../../../../arm-none-eabi/lib/thumb/v7e-m+fp/hard/libc_nano.a(libc_a-lock.o)
                0x08007192                __retarget_lock_acquire_recursive
 .text.__retarget_lock_release_recursive
                0x08007194        0x2 /opt/st/stm32cubeide_1.19.0/plugins/com.st.stm32cube.ide.mcu.externaltools.gnu-tools-for-stm32.13.3.rel1.linux64_1.0.0.202410170706/tools/bin/../lib/gcc/arm-none-eabi/13.3.1/../../../../arm-none-eabi/lib/thumb/v7e-m+fp/hard/libc_nano.a(libc_a-lock.o)
                0x08007194                __retarget_lock_release_recursive
 .text.memcpy   0x08007196       0x1c /opt/st/stm32cubeide_1.19.0/plugins/com.st.stm32cube.ide.mcu.externaltools.gnu-tools-for-stm32.13.3.rel1.linux64_1.0.0.202410170706/tools/bin/../lib/gcc/arm-none-eabi/13.3.1/../../../../arm-none-eabi/lib/thumb/v7e-m+fp/hard/libc_nano.a(libc_a-memcpy-stub.o)
                0x08007196                memcpy
 *fill*         0x080071b2        0x2 
 .text._free_r  0x080071b4       0x94 /opt/st/stm32cubeide_1.19.0/plugins/com.st.stm32cube.ide.mcu.externaltools.gnu-tools-for-stm32.13.3.rel1.linux64_1.0.0.202410170706/tools/bin/../lib/gcc/arm-none-eabi/13.3.1/../../../../arm-none-eabi/lib/thumb/v7e-m+fp/hard/libc_nano.a(libc_a-freer.o)
                0x080071b4                _free_r
 .text.sbrk_aligned
                0x08007248       0x44 /opt/st/stm32cubeide_1.19.0/plugins/com.st.stm32cube.ide.mcu.externaltools.gnu-tools-for-stm32.13.3.rel1.linux64_1.0.0.202410170706/tools/bin/../lib/gcc/arm-none-eabi/13.3.1/../../../../arm-none-eabi/lib/thumb/v7e-m+fp/hard/libc_nano.a(libc_a-mallocr.o)
 .text._malloc_r
                0x0800728c      0x100 /opt/st/stm32cubeide_1.19.0/plugins/com.st.stm32cube.ide.mcu.externaltools.gnu-tools-for-stm32.13.3.rel1.linux64_1.0.0.202410170706/tools/bin/../lib/gcc/arm-none-eabi/13.3.1/../../../../arm-none-eabi/lib/thumb/v7e-m+fp/hard/libc_nano.a(libc_a-mallocr.o)
                0x0800728c                _malloc_r
 .text.__malloc_lock
                0x0800738c        0xc /opt/st/stm32cubeide_1.19.0/plugins/com.st.stm32cube.ide.mcu.externaltools.gnu-tools-for-stm32.13.3.rel1.linux64_1.0.0.202410170706/tools/bin/../lib/gcc/arm-none-eabi/13.3.1/../../../../arm-none-eabi/lib/thumb/v7e-m+fp/hard/libc_nano.a(libc_a-mlock.o)
                0x0800738c                __malloc_lock
 .text.__malloc_unlock
                0x08007398        0xc /opt/st/stm32cubeide_1.19.0/plugins/com.st.stm32cube.ide.mcu.externaltools.gnu-tools-for-stm32.13.3.rel1.linux64_1.0.0.202410170706/tools/bin/../lib/gcc/arm-none-eabi/13.3.1/../../../../arm-none-eabi/lib/thumb/v7e-m+fp/hard/libc_nano.a(libc_a-mlock.o)
                0x08007398                __malloc_unlock
 .text.__ssputs_r
                0x080073a4       0xb6 /opt/st/stm32cubeide_1.19.0/plugins/com.st.stm32cube.ide.mcu.externaltools.gnu-tools-for-stm32.13.3.rel1.linux64_1.0.0.202410170706/tools/bin/../lib/gcc/arm-none-eabi/13.3.1/../../../../arm-none-eabi/lib/thumb/v7e-m+fp/hard/libc_nano.a(libc_a-nano-svfprintf.o)
                0x080073a4                __ssputs_r
 *fill*         0x0800745a        0x2 
 .text._svfprintf_r
                0x0800745c      0x1f8 /opt/st/stm32cubeide_1.19.0/plugins/com.st.stm32cube.ide.mcu.externaltools.gnu-tools-for-stm32.13.3.rel1.linux64_1.0.0.202410170706/tools/bin/../lib/gcc/arm-none-eabi/13.3.1/../../../../arm-none-eabi/lib/thumb/v7e-m+fp/hard/libc_nano.a(libc_a-nano-svfprintf.o)
                0x0800745c                _svfprintf_r
                0x0800745c                _svfiprintf_r
 .text.__sfputc_r
                0x08007654       0x2e /opt/st/stm32cubeide_1.19.0/plugins/com.st.stm32cube.ide.mcu.externaltools.gnu-tools-for-stm32.13.3.rel1.linux64_1.0.0.202410170706/tools/bin/../lib/gcc/arm-none-eabi/13.3.1/../../../../arm-none-eabi/lib/thumb/v7e-m+fp/hard/libc_nano.a(libc_a-nano-vfprintf.o)
 .text.__sfputs_r
                0x08007682       0x24 /opt/st/stm32cubeide_1.19.0/plugins/com.st.stm32cube.ide.mcu.externaltools.gnu-tools-for-stm32.13.3.rel1.linux64_1.0.0.202410170706/tools/bin/../lib/gcc/arm-none-eabi/13.3.1/../../../../arm-none-eabi/lib/thumb/v7e-m+fp/hard/libc_nano.a(libc_a-nano-vfprintf.o)
                0x08007682                __sfputs_r
 *fill*         0x080076a6        0x2 
 .text._vfprintf_r
                0x080076a8      0x230 /opt/st/stm32cubeide_1.19.0/plugins/com.st.stm32cube.ide.mcu.externaltools.gnu-tools-for-stm32.13.3.rel1.linux64_1.0.0.202410170706/tools/bin/../lib/gcc/arm-none-eabi/13.3.1/../../../../arm-none-eabi/lib/thumb/v7e-m+fp/hard/libc_nano.a(libc_a-nano-vfprintf.o)
                0x080076a8                _vfiprintf_r
                0x080076a8                _vfprintf_r
 .text._printf_common
                0x080078d8       0xda /opt/st/stm32cubeide_1.19.0/plugins/com.st.stm32cube.ide.mcu.externaltools.gnu-tools-for-stm32.13.3.rel1.linux64_1.0.0.202410170706/tools/bin/../lib/gcc/arm-none-eabi/13.3.1/../../../../arm-none-eabi/lib/thumb/v7e-m+fp/hard/libc_nano.a(libc_a-nano-vfprintf_i.o)
                0x080078d8                _printf_common
 *fill*         0x080079b2        0x2 
 .text._printf_i
                0x080079b4      0x23c /opt/st/stm32cubeide_1.19.0/plugins/com.st.stm32cube.ide.mcu.externaltools.gnu-tools-for-stm32.13.3.rel1.linux64_1.0.0.202410170706/tools/bin/../lib/gcc/arm-none-eabi/13.3.1/../../../../arm-none-eabi/lib/thumb/v7e-m+fp/hard/libc_nano.a(libc_a-nano-vfprintf_i.o)
                0x080079b4                _printf_i
 .text.__sflush_r
                0x08007bf0      0x108 /opt/st/stm32cubeide_1.19.0/plugins/com.st.stm32cube.ide.mcu.externaltools.gnu-tools-for-stm32.13.3.rel1.linux64_1.0.0.202410170706/tools/bin/../lib/gcc/arm-none-eabi/13.3.1/../../../../arm-none-eabi/lib/thumb/v7e-m+fp/hard/libc_nano.a(libc_a-fflush.o)
                0x08007bf0                __sflush_r
 .text._fflush_r
                0x08007cf8       0x50 /opt/st/stm32cubeide_1.19.0/plugins/com.st.stm32cube.ide.mcu.externaltools.gnu-tools-for-stm32.13.3.rel1.linux64_1.0.0.202410170706/tools/bin/../lib/gcc/arm-none-eabi/13.3.1/../../../../arm-none-eabi/lib/thumb/v7e-m+fp/hard/libc_nano.a(libc_a-fflush.o)
                0x08007cf8                _fflush_r
 .text.__swhatbuf_r
                0x08007d48       0x4c /opt/st/stm32cubeide_1.19.0/plugins/com.st.stm32cube.ide.mcu.externaltools.gnu-tools-for-stm32.13.3.rel1.linux64_1.0.0.202410170706/tools/bin/../lib/gcc/arm-none-eabi/13.3.1/../../../../arm-none-eabi/lib/thumb/v7e-m+fp/hard/libc_nano.a(libc_a-makebuf.o)
                0x08007d48                __swhatbuf_r
 .text.__smakebuf_r
                0x08007d94       0x78 /opt/st/stm32cubeide_1.19.0/plugins/com.st.stm32cube.ide.mcu.externaltools.gnu-tools-for-stm32.13.3.rel1.linux64_1.0.0.202410170706/tools/bin/../lib/gcc/arm-none-eabi/13.3.1/../../../../arm-none-eabi/lib/thumb/v7e-m+fp/hard/libc_nano.a(libc_a-makebuf.o)
                0x08007d94                __smakebuf_r
 .text._putc_r  0x08007e0c       0x68 /opt/st/stm32cubeide_1.19.0/plugins/com.st.stm32cube.ide.mcu.externaltools.gnu-tools-for-stm32.13.3.rel1.linux64_1.0.0.202410170706/tools/bin/../lib/gcc/arm-none-eabi/13.3.1/../../../../arm-none-eabi/lib/thumb/v7e-m+fp/hard/libc_nano.a(libc_a-putc.o)
                0x08007e0c                _putc_r
 .text.memmove  0x08007e74       0x34 /opt/st/stm32cubeide_1.19.0/plugins/com.st.stm32cube.ide.mcu.externaltools.gnu-tools-for-stm32.13.3.rel1.linux64_1.0.0.202410170706/tools/bin/../lib/gcc/arm-none-eabi/13.3.1/../../../../arm-none-eabi/lib/thumb/v7e-m+fp/hard/libc_nano.a(libc_a-memmove.o)
                0x08007e74                memmove
 .text._fstat_r
                0x08007ea8       0x24 /opt/st/stm32cubeide_1.19.0/plugins/com.st.stm32cube.ide.mcu.externaltools.gnu-tools-for-stm32.13.3.rel1.linux64_1.0.0.202410170706/tools/bin/../lib/gcc/arm-none-eabi/13.3.1/../../../../arm-none-eabi/lib/thumb/v7e-m+fp/hard/libc_nano.a(libc_a-fstatr.o)
                0x08007ea8                _fstat_r
 .text._isatty_r
                0x08007ecc       0x20 /opt/st/stm32cubeide_1.19.0/plugins/com.st.stm32cube.ide.mcu.externaltools.gnu-tools-for-stm32.13.3.rel1.linux64_1.0.0.202410170706/tools/bin/../lib/gcc/arm-none-eabi/13.3.1/../../../../arm-none-eabi/lib/thumb/v7e-m+fp/hard/libc_nano.a(libc_a-isattyr.o)
                0x08007ecc                _isatty_r
 .text._sbrk_r  0x08007eec       0x20 /opt/st/stm32cubeide_1.19.0/plugins/com.st.stm32cube.ide.mcu.externaltools.gnu-tools-for-stm32.13.3.rel1.linux64_1.0.0.202410170706/tools/bin/../lib/gcc/arm-none-eabi/13.3.1/../../../../arm-none-eabi/lib/thumb/v7e-m+fp/hard/libc_nano.a(libc_a-sbrkr.o)
                0x08007eec                _sbrk_r
 .text._realloc_r
                0x08007f0c       0x5c /opt/st/stm32cubeide_1.19.0/plugins/com.st.stm32cube.ide.mcu.externaltools.gnu-tools-for-stm32.13.3.rel1.linux64_1.0.0.202410170706/tools/bin/../lib/gcc/arm-none-eabi/13.3.1/../../../../arm-none-eabi/lib/thumb/v7e-m+fp/hard/libc_nano.a(libc_a-reallocr.o)
                0x08007f0c                _realloc_r
 .text._malloc_usable_size_r
                0x08007f68       0x10 /opt/st/stm32cubeide_1.19.0/plugins/com.st.stm32cube.ide.mcu.externaltools.gnu-tools-for-stm32.13.3.rel1.linux64_1.0.0.202410170706/tools/bin/../lib/gcc/arm-none-eabi/13.3.1/../../../../arm-none-eabi/lib/thumb/v7e-m+fp/hard/libc_nano.a(libc_a-msizer.o)
                0x08007f68                _malloc_usable_size_r
 *(.glue_7)
 .glue_7        0x08007f78        0x0 linker stubs
 *(.glue_7t)
 .glue_7t       0x08007f78        0x0 linker stubs
 *(.eh_frame)
 .eh_frame      0x08007f78        0x0 /opt/st/stm32cubeide_1.19.0/plugins/com.st.stm32cube.ide.mcu.externaltools.gnu-tools-for-stm32.13.3.rel1.linux64_1.0.0.202410170706/tools/bin/../lib/gcc/arm-none-eabi/13.3.1/thumb/v7e-m+fp/hard/crtbegin.o
 *(.init)
 .init          0x08007f78        0x4 /opt/st/stm32cubeide_1.19.0/plugins/com.st.stm32cube.ide.mcu.externaltools.gnu-tools-for-stm32.13.3.rel1.linux64_1.0.0.202410170706/tools/bin/../lib/gcc/arm-none-eabi/13.3.1/thumb/v7e-m+fp/hard/crti.o
                0x08007f78                _init
 .init          0x08007f7c        0x8 /opt/st/stm32cubeide_1.19.0/plugins/com.st.stm32cube.ide.mcu.externaltools.gnu-tools-for-stm32.13.3.rel1.linux64_1.0.0.202410170706/tools/bin/../lib/gcc/arm-none-eabi/13.3.1/thumb/v7e-m+fp/hard/crtn.o
 *(.fini)
 .fini          0x08007f84        0x4 /opt/st/stm32cubeide_1.19.0/plugins/com.st.stm32cube.ide.mcu.externaltools.gnu-tools-for-stm32.13.3.rel1.linux64_1.0.0.202410170706/tools/bin/../lib/gcc/arm-none-eabi/13.3.1/thumb/v7e-m+fp/hard/crti.o
                0x08007f84                _fini
 .fini          0x08007f88        0x8 /opt/st/stm32cubeide_1.19.0/plugins/com.st.stm32cube.ide.mcu.externaltools.gnu-tools-for-stm32.13.3.rel1.linux64_1.0.0.202410170706/tools/bin/../lib/gcc/arm-none-eabi/13.3.1/thumb/v7e-m+fp/hard/crtn.o
                0x08007f90                        . = ALIGN (0x4)
                0x08007f90                        _etext = .

.vfp11_veneer   0x08007f90        0x0
 .vfp11_veneer  0x08007f90        0x0 linker stubs

.v4_bx          0x08007f90        0x0
 .v4_bx         0x08007f90        0x0 linker stubs

.iplt           0x08007f90        0x0
 .iplt          0x08007f90        0x0 /opt/st/stm32cubeide_1.19.0/plugins/com.st.stm32cube.ide.mcu.externaltools.gnu-tools-for-stm32.13.3.rel1.linux64_1.0.0.202410170706/tools/bin/../lib/gcc/arm-none-eabi/13.3.1/thumb/v7e-m+fp/hard/crtbegin.o

.rodata         0x08007f90    0x15df8
                0x08007f90                        . = ALIGN (0x4)
 *(.rodata)
 .rodata        0x08007f90      0x142 ./Core/Src/main.o
 *fill*         0x080080d2        0x2 
 .rodata        0x080080d4       0x6c ./Core/Src/vl/vl53l7cx_api.o
 *(.rodata*)
 .rodata.font1  0x08008140      0x500 ./Core/Src/ili9488.o
 .rodata.AHBPrescTable
                0x08008640       0x10 ./Core/Src/system_stm32f4xx.o
                0x08008640                AHBPrescTable
 .rodata.APBPrescTable
                0x08008650        0x8 ./Core/Src/system_stm32f4xx.o
                0x08008650                APBPrescTable
 .rodata.VL53L7CX_FIRMWARE
                0x08008658    0x15000 ./Core/Src/vl/vl53l7cx_api.o
                0x08008658                VL53L7CX_FIRMWARE
 .rodata.VL53L7CX_DEFAULT_CONFIGURATION
                0x0801d658      0x3cc ./Core/Src/vl/vl53l7cx_api.o
                0x0801d658                VL53L7CX_DEFAULT_CONFIGURATION
 .rodata.VL53L7CX_DEFAULT_XTALK
                0x0801da24      0x308 ./Core/Src/vl/vl53l7cx_api.o
                0x0801da24                VL53L7CX_DEFAULT_XTALK
 .rodata.VL53L7CX_GET_NVM_CMD
                0x0801dd2c       0x28 ./Core/Src/vl/vl53l7cx_api.o
                0x0801dd2c                VL53L7CX_GET_NVM_CMD
 .rodata._svfprintf_r.str1.1
                0x0801dd54       0x33 /opt/st/stm32cubeide_1.19.0/plugins/com.st.stm32cube.ide.mcu.externaltools.gnu-tools-for-stm32.13.3.rel1.linux64_1.0.0.202410170706/tools/bin/../lib/gcc/arm-none-eabi/13.3.1/../../../../arm-none-eabi/lib/thumb/v7e-m+fp/hard/libc_nano.a(libc_a-nano-svfprintf.o)
                                 0x11 (size before relaxing)
 .rodata._vfprintf_r.str1.1
                0x0801dd87       0x11 /opt/st/stm32cubeide_1.19.0/plugins/com.st.stm32cube.ide.mcu.externaltools.gnu-tools-for-stm32.13.3.rel1.linux64_1.0.0.202410170706/tools/bin/../lib/gcc/arm-none-eabi/13.3.1/../../../../arm-none-eabi/lib/thumb/v7e-m+fp/hard/libc_nano.a(libc_a-nano-vfprintf.o)
 .rodata._printf_i.str1.1
                0x0801dd87       0x22 /opt/st/stm32cubeide_1.19.0/plugins/com.st.stm32cube.ide.mcu.externaltools.gnu-tools-for-stm32.13.3.rel1.linux64_1.0.0.202410170706/tools/bin/../lib/gcc/arm-none-eabi/13.3.1/../../../../arm-none-eabi/lib/thumb/v7e-m+fp/hard/libc_nano.a(libc_a-nano-vfprintf_i.o)
                0x0801ddac                        . = ALIGN (0x4)
 *fill*         0x0801dd87        0x1 

.ARM.extab      0x0801dd88        0x0
                0x0801dd88                        . = ALIGN (0x4)
 *(.ARM.extab* .gnu.linkonce.armextab.*)
                0x0801dd88                        . = ALIGN (0x4)

.ARM            0x0801dd88        0x8
                0x0801dd88                        . = ALIGN (0x4)
                0x0801dd88                        __exidx_start = .
 *(.ARM.exidx*)
 .ARM.exidx     0x0801dd88        0x8 /opt/st/stm32cubeide_1.19.0/plugins/com.st.stm32cube.ide.mcu.externaltools.gnu-tools-for-stm32.13.3.rel1.linux64_1.0.0.202410170706/tools/bin/../lib/gcc/arm-none-eabi/13.3.1/../../../../arm-none-eabi/lib/thumb/v7e-m+fp/hard/libc_nano.a(libc_a-strlen.o)
 .ARM.exidx     0x0801dd90        0x0 /opt/st/stm32cubeide_1.19.0/plugins/com.st.stm32cube.ide.mcu.externaltools.gnu-tools-for-stm32.13.3.rel1.linux64_1.0.0.202410170706/tools/bin/../lib/gcc/arm-none-eabi/13.3.1/../../../../arm-none-eabi/lib/thumb/v7e-m+fp/hard/libc_nano.a(libc_a-memchr.o)
                                  0x8 (size before relaxing)
 .ARM.exidx     0x0801dd90        0x0 /opt/st/stm32cubeide_1.19.0/plugins/com.st.stm32cube.ide.mcu.externaltools.gnu-tools-for-stm32.13.3.rel1.linux64_1.0.0.202410170706/tools/bin/../lib/gcc/arm-none-eabi/13.3.1/thumb/v7e-m+fp/hard/libgcc.a(_udivmoddi4.o)
                                  0x8 (size before relaxing)
                0x0801dd90                        __exidx_end = .
                0x0801dd90                        . = ALIGN (0x4)

.preinit_array  0x0801dd90        0x0
                0x0801dd90                        . = ALIGN (0x4)
                0x0801dd90                        PROVIDE (__preinit_array_start = .)
 *(.preinit_array*)
                0x0801dd90                        PROVIDE (__preinit_array_end = .)
                0x0801dd90                        . = ALIGN (0x4)

.init_array     0x0801dd90        0x4
                0x0801dd90                        . = ALIGN (0x4)
                0x0801dd90                        PROVIDE (__init_array_start = .)
 *(SORT_BY_NAME(.init_array.*))
 *(.init_array*)
 .init_array    0x0801dd90        0x4 /opt/st/stm32cubeide_1.19.0/plugins/com.st.stm32cube.ide.mcu.externaltools.gnu-tools-for-stm32.13.3.rel1.linux64_1.0.0.202410170706/tools/bin/../lib/gcc/arm-none-eabi/13.3.1/thumb/v7e-m+fp/hard/crtbegin.o
                0x0801dd94                        PROVIDE (__init_array_end = .)
                0x0801dd94                        . = ALIGN (0x4)

.fini_array     0x0801dd94        0x4
                0x0801dd94                        . = ALIGN (0x4)
                [!provide]                        PROVIDE (__fini_array_start = .)
 *(SORT_BY_NAME(.fini_array.*))
 *(.fini_array*)
 .fini_array    0x0801dd94        0x4 /opt/st/stm32cubeide_1.19.0/plugins/com.st.stm32cube.ide.mcu.externaltools.gnu-tools-for-stm32.13.3.rel1.linux64_1.0.0.202410170706/tools/bin/../lib/gcc/arm-none-eabi/13.3.1/thumb/v7e-m+fp/hard/crtbegin.o
                [!provide]                        PROVIDE (__fini_array_end = .)
                0x0801dd98                        . = ALIGN (0x4)
                0x0801dd98                        _sidata = LOADADDR (.data)

.rel.dyn        0x0801dd98        0x0
 .rel.iplt      0x0801dd98        0x0 /opt/st/stm32cubeide_1.19.0/plugins/com.st.stm32cube.ide.mcu.externaltools.gnu-tools-for-stm32.13.3.rel1.linux64_1.0.0.202410170706/tools/bin/../lib/gcc/arm-none-eabi/13.3.1/thumb/v7e-m+fp/hard/crtbegin.o

.data           0x20000000       0x6c load address 0x0801dd98
                0x20000000                        . = ALIGN (0x4)
                0x20000000                        _sdata = .
 *(.data)
 *(.data*)
 .data.rotationNum
                0x20000000        0x1 ./Core/Src/ili9488.o
 *fill*         0x20000001        0x3 
 .data.SystemCoreClock
                0x20000004        0x4 ./Core/Src/system_stm32f4xx.o
                0x20000004                SystemCoreClock
 .data.uwTickPrio
                0x20000008        0x4 ./Drivers/STM32F4xx_HAL_Driver/Src/stm32f4xx_hal.o
                0x20000008                uwTickPrio
 .data.uwTickFreq
                0x2000000c        0x1 ./Drivers/STM32F4xx_HAL_Driver/Src/stm32f4xx_hal.o
                0x2000000c                uwTickFreq
 *fill*         0x2000000d        0x3 
 .data.__sglue  0x20000010        0xc /opt/st/stm32cubeide_1.19.0/plugins/com.st.stm32cube.ide.mcu.externaltools.gnu-tools-for-stm32.13.3.rel1.linux64_1.0.0.202410170706/tools/bin/../lib/gcc/arm-none-eabi/13.3.1/../../../../arm-none-eabi/lib/thumb/v7e-m+fp/hard/libc_nano.a(libc_a-findfp.o)
                0x20000010                __sglue
 .data._impure_ptr
                0x2000001c        0x4 /opt/st/stm32cubeide_1.19.0/plugins/com.st.stm32cube.ide.mcu.externaltools.gnu-tools-for-stm32.13.3.rel1.linux64_1.0.0.202410170706/tools/bin/../lib/gcc/arm-none-eabi/13.3.1/../../../../arm-none-eabi/lib/thumb/v7e-m+fp/hard/libc_nano.a(libc_a-impure.o)
                0x2000001c                _impure_ptr
 .data._impure_data
                0x20000020       0x4c /opt/st/stm32cubeide_1.19.0/plugins/com.st.stm32cube.ide.mcu.externaltools.gnu-tools-for-stm32.13.3.rel1.linux64_1.0.0.202410170706/tools/bin/../lib/gcc/arm-none-eabi/13.3.1/../../../../arm-none-eabi/lib/thumb/v7e-m+fp/hard/libc_nano.a(libc_a-impure.o)
                0x20000020                _impure_data
 *(.RamFunc)
 *(.RamFunc*)
                0x2000006c                        . = ALIGN (0x4)
                0x2000006c                        _edata = .

.igot.plt       0x2000006c        0x0 load address 0x0801de04
 .igot.plt      0x2000006c        0x0 /opt/st/stm32cubeide_1.19.0/plugins/com.st.stm32cube.ide.mcu.externaltools.gnu-tools-for-stm32.13.3.rel1.linux64_1.0.0.202410170706/tools/bin/../lib/gcc/arm-none-eabi/13.3.1/thumb/v7e-m+fp/hard/crtbegin.o
                0x2000006c                        . = ALIGN (0x4)

.bss            0x2000006c     0x12d0 load address 0x0801de04
                0x2000006c                        _sbss = .
                0x2000006c                        __bss_start__ = _sbss
 *(.bss)
 .bss           0x2000006c       0x1c /opt/st/stm32cubeide_1.19.0/plugins/com.st.stm32cube.ide.mcu.externaltools.gnu-tools-for-stm32.13.3.rel1.linux64_1.0.0.202410170706/tools/bin/../lib/gcc/arm-none-eabi/13.3.1/thumb/v7e-m+fp/hard/crtbegin.o
 *(.bss*)
 .bss._cp437    0x20000088        0x1 ./Core/Src/ili9488.o
 *fill*         0x20000089        0x3 
 .bss.tftCS_GPIO
                0x2000008c        0x4 ./Core/Src/ili9488.o
 .bss.tftCS_PIN
                0x20000090        0x2 ./Core/Src/ili9488.o
 *fill*         0x20000092        0x2 
 .bss.tftDC_GPIO
                0x20000094        0x4 ./Core/Src/ili9488.o
 .bss.tftDC_PIN
                0x20000098        0x2 ./Core/Src/ili9488.o
 .bss.width     0x2000009a        0x2 ./Core/Src/ili9488.o
                0x2000009a                width
 .bss.height    0x2000009c        0x2 ./Core/Src/ili9488.o
                0x2000009c                height
 *fill*         0x2000009e        0x2 
 .bss.hi2c1     0x200000a0       0x54 ./Core/Src/main.o
                0x200000a0                hi2c1
 .bss.hspi1     0x200000f4       0x58 ./Core/Src/main.o
                0x200000f4                hspi1
 .bss.htim11    0x2000014c       0x48 ./Core/Src/main.o
                0x2000014c                htim11
 .bss.huart2    0x20000194       0x48 ./Core/Src/main.o
                0x20000194                huart2
 .bss.status    0x200001dc        0x4 ./Core/Src/main.o
                0x200001dc                status
 .bss.p_data_ready
                0x200001e0        0x1 ./Core/Src/main.o
                0x200001e0                p_data_ready
 *fill*         0x200001e1        0x3 
 .bss.Dev       0x200001e4      0xab0 ./Core/Src/main.o
                0x200001e4                Dev
 .bss.Results   0x20000c94      0x550 ./Core/Src/main.o
                0x20000c94                Results
 .bss.resolution
                0x200011e4        0x1 ./Core/Src/main.o
                0x200011e4                resolution
 .bss.isAlive   0x200011e5        0x1 ./Core/Src/main.o
                0x200011e5                isAlive
 *fill*         0x200011e6        0x2 
 .bss.__sbrk_heap_end
                0x200011e8        0x4 ./Core/Src/sysmem.o
 .bss.uwTick    0x200011ec        0x4 ./Drivers/STM32F4xx_HAL_Driver/Src/stm32f4xx_hal.o
                0x200011ec                uwTick
 .bss.__sf      0x200011f0      0x138 /opt/st/stm32cubeide_1.19.0/plugins/com.st.stm32cube.ide.mcu.externaltools.gnu-tools-for-stm32.13.3.rel1.linux64_1.0.0.202410170706/tools/bin/../lib/gcc/arm-none-eabi/13.3.1/../../../../arm-none-eabi/lib/thumb/v7e-m+fp/hard/libc_nano.a(libc_a-findfp.o)
                0x200011f0                __sf
 .bss.__stdio_exit_handler
                0x20001328        0x4 /opt/st/stm32cubeide_1.19.0/plugins/com.st.stm32cube.ide.mcu.externaltools.gnu-tools-for-stm32.13.3.rel1.linux64_1.0.0.202410170706/tools/bin/../lib/gcc/arm-none-eabi/13.3.1/../../../../arm-none-eabi/lib/thumb/v7e-m+fp/hard/libc_nano.a(libc_a-findfp.o)
                0x20001328                __stdio_exit_handler
 .bss.errno     0x2000132c        0x4 /opt/st/stm32cubeide_1.19.0/plugins/com.st.stm32cube.ide.mcu.externaltools.gnu-tools-for-stm32.13.3.rel1.linux64_1.0.0.202410170706/tools/bin/../lib/gcc/arm-none-eabi/13.3.1/../../../../arm-none-eabi/lib/thumb/v7e-m+fp/hard/libc_nano.a(libc_a-reent.o)
                0x2000132c                errno
 .bss.__lock___malloc_recursive_mutex
                0x20001330        0x1 /opt/st/stm32cubeide_1.19.0/plugins/com.st.stm32cube.ide.mcu.externaltools.gnu-tools-for-stm32.13.3.rel1.linux64_1.0.0.202410170706/tools/bin/../lib/gcc/arm-none-eabi/13.3.1/../../../../arm-none-eabi/lib/thumb/v7e-m+fp/hard/libc_nano.a(libc_a-lock.o)
                0x20001330                __lock___malloc_recursive_mutex
 .bss.__lock___sfp_recursive_mutex
                0x20001331        0x1 /opt/st/stm32cubeide_1.19.0/plugins/com.st.stm32cube.ide.mcu.externaltools.gnu-tools-for-stm32.13.3.rel1.linux64_1.0.0.202410170706/tools/bin/../lib/gcc/arm-none-eabi/13.3.1/../../../../arm-none-eabi/lib/thumb/v7e-m+fp/hard/libc_nano.a(libc_a-lock.o)
                0x20001331                __lock___sfp_recursive_mutex
 *fill*         0x20001332        0x2 
 .bss.__malloc_sbrk_start
                0x20001334        0x4 /opt/st/stm32cubeide_1.19.0/plugins/com.st.stm32cube.ide.mcu.externaltools.gnu-tools-for-stm32.13.3.rel1.linux64_1.0.0.202410170706/tools/bin/../lib/gcc/arm-none-eabi/13.3.1/../../../../arm-none-eabi/lib/thumb/v7e-m+fp/hard/libc_nano.a(libc_a-mallocr.o)
                0x20001334                __malloc_sbrk_start
 .bss.__malloc_free_list
                0x20001338        0x4 /opt/st/stm32cubeide_1.19.0/plugins/com.st.stm32cube.ide.mcu.externaltools.gnu-tools-for-stm32.13.3.rel1.linux64_1.0.0.202410170706/tools/bin/../lib/gcc/arm-none-eabi/13.3.1/../../../../arm-none-eabi/lib/thumb/v7e-m+fp/hard/libc_nano.a(libc_a-mallocr.o)
                0x20001338                __malloc_free_list
 *(COMMON)
                0x2000133c                        . = ALIGN (0x4)
                0x2000133c                        _ebss = .
                0x2000133c                        __bss_end__ = _ebss

._user_heap_stack
                0x2000133c      0x604 load address 0x0801de04
                0x20001340                        . = ALIGN (0x8)
 *fill*         0x2000133c        0x4 
                [!provide]                        PROVIDE (end = .)
                0x20001340                        PROVIDE (_end = .)
                0x20001540                        . = (. + _Min_Heap_Size)
 *fill*         0x20001340      0x200 
                0x20001940                        . = (. + _Min_Stack_Size)
 *fill*         0x20001540      0x400 
                0x20001940                        . = ALIGN (0x8)

/DISCARD/
 libc.a(*)
 libm.a(*)
 libgcc.a(*)

.ARM.attributes
                0x00000000       0x30
 *(.ARM.attributes)
 .ARM.attributes
                0x00000000       0x22 /opt/st/stm32cubeide_1.19.0/plugins/com.st.stm32cube.ide.mcu.externaltools.gnu-tools-for-stm32.13.3.rel1.linux64_1.0.0.202410170706/tools/bin/../lib/gcc/arm-none-eabi/13.3.1/thumb/v7e-m+fp/hard/crti.o
 .ARM.attributes
                0x00000022       0x34 /opt/st/stm32cubeide_1.19.0/plugins/com.st.stm32cube.ide.mcu.externaltools.gnu-tools-for-stm32.13.3.rel1.linux64_1.0.0.202410170706/tools/bin/../lib/gcc/arm-none-eabi/13.3.1/thumb/v7e-m+fp/hard/crtbegin.o
 .ARM.attributes
                0x00000056       0x34 ./Core/Src/ili9488.o
 .ARM.attributes
                0x0000008a       0x34 ./Core/Src/main.o
 .ARM.attributes
                0x000000be       0x34 ./Core/Src/platform.o
 .ARM.attributes
                0x000000f2       0x34 ./Core/Src/stm32f4xx_hal_msp.o
 .ARM.attributes
                0x00000126       0x34 ./Core/Src/stm32f4xx_it.o
 .ARM.attributes
                0x0000015a       0x34 ./Core/Src/syscalls.o
 .ARM.attributes
                0x0000018e       0x34 ./Core/Src/sysmem.o
 .ARM.attributes
                0x000001c2       0x34 ./Core/Src/system_stm32f4xx.o
 .ARM.attributes
                0x000001f6       0x34 ./Core/Src/vl/vl53l7cx_api.o
 .ARM.attributes
                0x0000022a       0x21 ./Core/Startup/startup_stm32f401retx.o
 .ARM.attributes
                0x0000024b       0x34 ./Drivers/STM32F4xx_HAL_Driver/Src/stm32f4xx_hal.o
 .ARM.attributes
                0x0000027f       0x34 ./Drivers/STM32F4xx_HAL_Driver/Src/stm32f4xx_hal_cortex.o
 .ARM.attributes
                0x000002b3       0x34 ./Drivers/STM32F4xx_HAL_Driver/Src/stm32f4xx_hal_gpio.o
 .ARM.attributes
                0x000002e7       0x34 ./Drivers/STM32F4xx_HAL_Driver/Src/stm32f4xx_hal_i2c.o
 .ARM.attributes
                0x0000031b       0x34 ./Drivers/STM32F4xx_HAL_Driver/Src/stm32f4xx_hal_rcc.o
 .ARM.attributes
                0x0000034f       0x34 ./Drivers/STM32F4xx_HAL_Driver/Src/stm32f4xx_hal_spi.o
 .ARM.attributes
                0x00000383       0x34 ./Drivers/STM32F4xx_HAL_Driver/Src/stm32f4xx_hal_tim.o
 .ARM.attributes
                0x000003b7       0x34 ./Drivers/STM32F4xx_HAL_Driver/Src/stm32f4xx_hal_uart.o
 .ARM.attributes
                0x000003eb       0x34 /opt/st/stm32cubeide_1.19.0/plugins/com.st.stm32cube.ide.mcu.externaltools.gnu-tools-for-stm32.13.3.rel1.linux64_1.0.0.202410170706/tools/bin/../lib/gcc/arm-none-eabi/13.3.1/../../../../arm-none-eabi/lib/thumb/v7e-m+fp/hard/libc_nano.a(libc_a-findfp.o)
 .ARM.attributes
                0x0000041f       0x34 /opt/st/stm32cubeide_1.19.0/plugins/com.st.stm32cube.ide.mcu.externaltools.gnu-tools-for-stm32.13.3.rel1.linux64_1.0.0.202410170706/tools/bin/../lib/gcc/arm-none-eabi/13.3.1/../../../../arm-none-eabi/lib/thumb/v7e-m+fp/hard/libc_nano.a(libc_a-fwalk.o)
 .ARM.attributes
                0x00000453       0x34 /opt/st/stm32cubeide_1.19.0/plugins/com.st.stm32cube.ide.mcu.externaltools.gnu-tools-for-stm32.13.3.rel1.linux64_1.0.0.202410170706/tools/bin/../lib/gcc/arm-none-eabi/13.3.1/../../../../arm-none-eabi/lib/thumb/v7e-m+fp/hard/libc_nano.a(libc_a-printf.o)
 .ARM.attributes
                0x00000487       0x34 /opt/st/stm32cubeide_1.19.0/plugins/com.st.stm32cube.ide.mcu.externaltools.gnu-tools-for-stm32.13.3.rel1.linux64_1.0.0.202410170706/tools/bin/../lib/gcc/arm-none-eabi/13.3.1/../../../../arm-none-eabi/lib/thumb/v7e-m+fp/hard/libc_nano.a(libc_a-putchar.o)
 .ARM.attributes
                0x000004bb       0x34 /opt/st/stm32cubeide_1.19.0/plugins/com.st.stm32cube.ide.mcu.externaltools.gnu-tools-for-stm32.13.3.rel1.linux64_1.0.0.202410170706/tools/bin/../lib/gcc/arm-none-eabi/13.3.1/../../../../arm-none-eabi/lib/thumb/v7e-m+fp/hard/libc_nano.a(libc_a-puts.o)
 .ARM.attributes
                0x000004ef       0x34 /opt/st/stm32cubeide_1.19.0/plugins/com.st.stm32cube.ide.mcu.externaltools.gnu-tools-for-stm32.13.3.rel1.linux64_1.0.0.202410170706/tools/bin/../lib/gcc/arm-none-eabi/13.3.1/../../../../arm-none-eabi/lib/thumb/v7e-m+fp/hard/libc_nano.a(libc_a-snprintf.o)
 .ARM.attributes
                0x00000523       0x34 /opt/st/stm32cubeide_1.19.0/plugins/com.st.stm32cube.ide.mcu.externaltools.gnu-tools-for-stm32.13.3.rel1.linux64_1.0.0.202410170706/tools/bin/../lib/gcc/arm-none-eabi/13.3.1/../../../../arm-none-eabi/lib/thumb/v7e-m+fp/hard/libc_nano.a(libc_a-stdio.o)
 .ARM.attributes
                0x00000557       0x34 /opt/st/stm32cubeide_1.19.0/plugins/com.st.stm32cube.ide.mcu.externaltools.gnu-tools-for-stm32.13.3.rel1.linux64_1.0.0.202410170706/tools/bin/../lib/gcc/arm-none-eabi/13.3.1/../../../../arm-none-eabi/lib/thumb/v7e-m+fp/hard/libc_nano.a(libc_a-wbuf.o)
 .ARM.attributes
                0x0000058b       0x34 /opt/st/stm32cubeide_1.19.0/plugins/com.st.stm32cube.ide.mcu.externaltools.gnu-tools-for-stm32.13.3.rel1.linux64_1.0.0.202410170706/tools/bin/../lib/gcc/arm-none-eabi/13.3.1/../../../../arm-none-eabi/lib/thumb/v7e-m+fp/hard/libc_nano.a(libc_a-wsetup.o)
 .ARM.attributes
                0x000005bf       0x34 /opt/st/stm32cubeide_1.19.0/plugins/com.st.stm32cube.ide.mcu.externaltools.gnu-tools-for-stm32.13.3.rel1.linux64_1.0.0.202410170706/tools/bin/../lib/gcc/arm-none-eabi/13.3.1/../../../../arm-none-eabi/lib/thumb/v7e-m+fp/hard/libc_nano.a(libc_a-memset.o)
 .ARM.attributes
                0x000005f3       0x34 /opt/st/stm32cubeide_1.19.0/plugins/com.st.stm32cube.ide.mcu.externaltools.gnu-tools-for-stm32.13.3.rel1.linux64_1.0.0.202410170706/tools/bin/../lib/gcc/arm-none-eabi/13.3.1/../../../../arm-none-eabi/lib/thumb/v7e-m+fp/hard/libc_nano.a(libc_a-closer.o)
 .ARM.attributes
                0x00000627       0x34 /opt/st/stm32cubeide_1.19.0/plugins/com.st.stm32cube.ide.mcu.externaltools.gnu-tools-for-stm32.13.3.rel1.linux64_1.0.0.202410170706/tools/bin/../lib/gcc/arm-none-eabi/13.3.1/../../../../arm-none-eabi/lib/thumb/v7e-m+fp/hard/libc_nano.a(libc_a-reent.o)
 .ARM.attributes
                0x0000065b       0x34 /opt/st/stm32cubeide_1.19.0/plugins/com.st.stm32cube.ide.mcu.externaltools.gnu-tools-for-stm32.13.3.rel1.linux64_1.0.0.202410170706/tools/bin/../lib/gcc/arm-none-eabi/13.3.1/../../../../arm-none-eabi/lib/thumb/v7e-m+fp/hard/libc_nano.a(libc_a-impure.o)
 .ARM.attributes
                0x0000068f       0x34 /opt/st/stm32cubeide_1.19.0/plugins/com.st.stm32cube.ide.mcu.externaltools.gnu-tools-for-stm32.13.3.rel1.linux64_1.0.0.202410170706/tools/bin/../lib/gcc/arm-none-eabi/13.3.1/../../../../arm-none-eabi/lib/thumb/v7e-m+fp/hard/libc_nano.a(libc_a-lseekr.o)
 .ARM.attributes
                0x000006c3       0x34 /opt/st/stm32cubeide_1.19.0/plugins/com.st.stm32cube.ide.mcu.externaltools.gnu-tools-for-stm32.13.3.rel1.linux64_1.0.0.202410170706/tools/bin/../lib/gcc/arm-none-eabi/13.3.1/../../../../arm-none-eabi/lib/thumb/v7e-m+fp/hard/libc_nano.a(libc_a-readr.o)
 .ARM.attributes
                0x000006f7       0x34 /opt/st/stm32cubeide_1.19.0/plugins/com.st.stm32cube.ide.mcu.externaltools.gnu-tools-for-stm32.13.3.rel1.linux64_1.0.0.202410170706/tools/bin/../lib/gcc/arm-none-eabi/13.3.1/../../../../arm-none-eabi/lib/thumb/v7e-m+fp/hard/libc_nano.a(libc_a-writer.o)
 .ARM.attributes
                0x0000072b       0x34 /opt/st/stm32cubeide_1.19.0/plugins/com.st.stm32cube.ide.mcu.externaltools.gnu-tools-for-stm32.13.3.rel1.linux64_1.0.0.202410170706/tools/bin/../lib/gcc/arm-none-eabi/13.3.1/../../../../arm-none-eabi/lib/thumb/v7e-m+fp/hard/libc_nano.a(libc_a-errno.o)
 .ARM.attributes
                0x0000075f       0x34 /opt/st/stm32cubeide_1.19.0/plugins/com.st.stm32cube.ide.mcu.externaltools.gnu-tools-for-stm32.13.3.rel1.linux64_1.0.0.202410170706/tools/bin/../lib/gcc/arm-none-eabi/13.3.1/../../../../arm-none-eabi/lib/thumb/v7e-m+fp/hard/libc_nano.a(libc_a-init.o)
 .ARM.attributes
                0x00000793       0x34 /opt/st/stm32cubeide_1.19.0/plugins/com.st.stm32cube.ide.mcu.externaltools.gnu-tools-for-stm32.13.3.rel1.linux64_1.0.0.202410170706/tools/bin/../lib/gcc/arm-none-eabi/13.3.1/../../../../arm-none-eabi/lib/thumb/v7e-m+fp/hard/libc_nano.a(libc_a-lock.o)
 .ARM.attributes
                0x000007c7       0x34 /opt/st/stm32cubeide_1.19.0/plugins/com.st.stm32cube.ide.mcu.externaltools.gnu-tools-for-stm32.13.3.rel1.linux64_1.0.0.202410170706/tools/bin/../lib/gcc/arm-none-eabi/13.3.1/../../../../arm-none-eabi/lib/thumb/v7e-m+fp/hard/libc_nano.a(libc_a-memcpy-stub.o)
 .ARM.attributes
                0x000007fb       0x17 /opt/st/stm32cubeide_1.19.0/plugins/com.st.stm32cube.ide.mcu.externaltools.gnu-tools-for-stm32.13.3.rel1.linux64_1.0.0.202410170706/tools/bin/../lib/gcc/arm-none-eabi/13.3.1/../../../../arm-none-eabi/lib/thumb/v7e-m+fp/hard/libc_nano.a(libc_a-strlen.o)
 .ARM.attributes
                0x00000812       0x34 /opt/st/stm32cubeide_1.19.0/plugins/com.st.stm32cube.ide.mcu.externaltools.gnu-tools-for-stm32.13.3.rel1.linux64_1.0.0.202410170706/tools/bin/../lib/gcc/arm-none-eabi/13.3.1/../../../../arm-none-eabi/lib/thumb/v7e-m+fp/hard/libc_nano.a(libc_a-freer.o)
 .ARM.attributes
                0x00000846       0x34 /opt/st/stm32cubeide_1.19.0/plugins/com.st.stm32cube.ide.mcu.externaltools.gnu-tools-for-stm32.13.3.rel1.linux64_1.0.0.202410170706/tools/bin/../lib/gcc/arm-none-eabi/13.3.1/../../../../arm-none-eabi/lib/thumb/v7e-m+fp/hard/libc_nano.a(libc_a-mallocr.o)
 .ARM.attributes
                0x0000087a       0x34 /opt/st/stm32cubeide_1.19.0/plugins/com.st.stm32cube.ide.mcu.externaltools.gnu-tools-for-stm32.13.3.rel1.linux64_1.0.0.202410170706/tools/bin/../lib/gcc/arm-none-eabi/13.3.1/../../../../arm-none-eabi/lib/thumb/v7e-m+fp/hard/libc_nano.a(libc_a-mlock.o)
 .ARM.attributes
                0x000008ae       0x34 /opt/st/stm32cubeide_1.19.0/plugins/com.st.stm32cube.ide.mcu.externaltools.gnu-tools-for-stm32.13.3.rel1.linux64_1.0.0.202410170706/tools/bin/../lib/gcc/arm-none-eabi/13.3.1/../../../../arm-none-eabi/lib/thumb/v7e-m+fp/hard/libc_nano.a(libc_a-nano-svfprintf.o)
 .ARM.attributes
                0x000008e2       0x34 /opt/st/stm32cubeide_1.19.0/plugins/com.st.stm32cube.ide.mcu.externaltools.gnu-tools-for-stm32.13.3.rel1.linux64_1.0.0.202410170706/tools/bin/../lib/gcc/arm-none-eabi/13.3.1/../../../../arm-none-eabi/lib/thumb/v7e-m+fp/hard/libc_nano.a(libc_a-nano-vfprintf.o)
 .ARM.attributes
                0x00000916       0x34 /opt/st/stm32cubeide_1.19.0/plugins/com.st.stm32cube.ide.mcu.externaltools.gnu-tools-for-stm32.13.3.rel1.linux64_1.0.0.202410170706/tools/bin/../lib/gcc/arm-none-eabi/13.3.1/../../../../arm-none-eabi/lib/thumb/v7e-m+fp/hard/libc_nano.a(libc_a-nano-vfprintf_i.o)
 .ARM.attributes
                0x0000094a       0x34 /opt/st/stm32cubeide_1.19.0/plugins/com.st.stm32cube.ide.mcu.externaltools.gnu-tools-for-stm32.13.3.rel1.linux64_1.0.0.202410170706/tools/bin/../lib/gcc/arm-none-eabi/13.3.1/../../../../arm-none-eabi/lib/thumb/v7e-m+fp/hard/libc_nano.a(libc_a-fflush.o)
 .ARM.attributes
                0x0000097e       0x34 /opt/st/stm32cubeide_1.19.0/plugins/com.st.stm32cube.ide.mcu.externaltools.gnu-tools-for-stm32.13.3.rel1.linux64_1.0.0.202410170706/tools/bin/../lib/gcc/arm-none-eabi/13.3.1/../../../../arm-none-eabi/lib/thumb/v7e-m+fp/hard/libc_nano.a(libc_a-makebuf.o)
 .ARM.attributes
                0x000009b2       0x34 /opt/st/stm32cubeide_1.19.0/plugins/com.st.stm32cube.ide.mcu.externaltools.gnu-tools-for-stm32.13.3.rel1.linux64_1.0.0.202410170706/tools/bin/../lib/gcc/arm-none-eabi/13.3.1/../../../../arm-none-eabi/lib/thumb/v7e-m+fp/hard/libc_nano.a(libc_a-putc.o)
 .ARM.attributes
                0x000009e6       0x34 /opt/st/stm32cubeide_1.19.0/plugins/com.st.stm32cube.ide.mcu.externaltools.gnu-tools-for-stm32.13.3.rel1.linux64_1.0.0.202410170706/tools/bin/../lib/gcc/arm-none-eabi/13.3.1/../../../../arm-none-eabi/lib/thumb/v7e-m+fp/hard/libc_nano.a(libc_a-memmove.o)
 .ARM.attributes
                0x00000a1a       0x34 /opt/st/stm32cubeide_1.19.0/plugins/com.st.stm32cube.ide.mcu.externaltools.gnu-tools-for-stm32.13.3.rel1.linux64_1.0.0.202410170706/tools/bin/../lib/gcc/arm-none-eabi/13.3.1/../../../../arm-none-eabi/lib/thumb/v7e-m+fp/hard/libc_nano.a(libc_a-fstatr.o)
 .ARM.attributes
                0x00000a4e       0x34 /opt/st/stm32cubeide_1.19.0/plugins/com.st.stm32cube.ide.mcu.externaltools.gnu-tools-for-stm32.13.3.rel1.linux64_1.0.0.202410170706/tools/bin/../lib/gcc/arm-none-eabi/13.3.1/../../../../arm-none-eabi/lib/thumb/v7e-m+fp/hard/libc_nano.a(libc_a-isattyr.o)
 .ARM.attributes
                0x00000a82       0x34 /opt/st/stm32cubeide_1.19.0/plugins/com.st.stm32cube.ide.mcu.externaltools.gnu-tools-for-stm32.13.3.rel1.linux64_1.0.0.202410170706/tools/bin/../lib/gcc/arm-none-eabi/13.3.1/../../../../arm-none-eabi/lib/thumb/v7e-m+fp/hard/libc_nano.a(libc_a-sbrkr.o)
 .ARM.attributes
                0x00000ab6       0x1c /opt/st/stm32cubeide_1.19.0/plugins/com.st.stm32cube.ide.mcu.externaltools.gnu-tools-for-stm32.13.3.rel1.linux64_1.0.0.202410170706/tools/bin/../lib/gcc/arm-none-eabi/13.3.1/../../../../arm-none-eabi/lib/thumb/v7e-m+fp/hard/libc_nano.a(libc_a-memchr.o)
 .ARM.attributes
                0x00000ad2       0x34 /opt/st/stm32cubeide_1.19.0/plugins/com.st.stm32cube.ide.mcu.externaltools.gnu-tools-for-stm32.13.3.rel1.linux64_1.0.0.202410170706/tools/bin/../lib/gcc/arm-none-eabi/13.3.1/../../../../arm-none-eabi/lib/thumb/v7e-m+fp/hard/libc_nano.a(libc_a-reallocr.o)
 .ARM.attributes
                0x00000b06       0x34 /opt/st/stm32cubeide_1.19.0/plugins/com.st.stm32cube.ide.mcu.externaltools.gnu-tools-for-stm32.13.3.rel1.linux64_1.0.0.202410170706/tools/bin/../lib/gcc/arm-none-eabi/13.3.1/../../../../arm-none-eabi/lib/thumb/v7e-m+fp/hard/libc_nano.a(libc_a-msizer.o)
 .ARM.attributes
                0x00000b3a       0x22 /opt/st/stm32cubeide_1.19.0/plugins/com.st.stm32cube.ide.mcu.externaltools.gnu-tools-for-stm32.13.3.rel1.linux64_1.0.0.202410170706/tools/bin/../lib/gcc/arm-none-eabi/13.3.1/thumb/v7e-m+fp/hard/libgcc.a(_aeabi_uldivmod.o)
 .ARM.attributes
                0x00000b5c       0x34 /opt/st/stm32cubeide_1.19.0/plugins/com.st.stm32cube.ide.mcu.externaltools.gnu-tools-for-stm32.13.3.rel1.linux64_1.0.0.202410170706/tools/bin/../lib/gcc/arm-none-eabi/13.3.1/thumb/v7e-m+fp/hard/libgcc.a(_udivmoddi4.o)
 .ARM.attributes
                0x00000b90       0x22 /opt/st/stm32cubeide_1.19.0/plugins/com.st.stm32cube.ide.mcu.externaltools.gnu-tools-for-stm32.13.3.rel1.linux64_1.0.0.202410170706/tools/bin/../lib/gcc/arm-none-eabi/13.3.1/thumb/v7e-m+fp/hard/libgcc.a(_dvmd_tls.o)
 .ARM.attributes
                0x00000bb2       0x22 /opt/st/stm32cubeide_1.19.0/plugins/com.st.stm32cube.ide.mcu.externaltools.gnu-tools-for-stm32.13.3.rel1.linux64_1.0.0.202410170706/tools/bin/../lib/gcc/arm-none-eabi/13.3.1/thumb/v7e-m+fp/hard/crtn.o
OUTPUT(Drive.elf elf32-littlearm)
LOAD linker stubs
LOAD /opt/st/stm32cubeide_1.19.0/plugins/com.st.stm32cube.ide.mcu.externaltools.gnu-tools-for-stm32.13.3.rel1.linux64_1.0.0.202410170706/tools/bin/../lib/gcc/arm-none-eabi/13.3.1/../../../../arm-none-eabi/lib/thumb/v7e-m+fp/hard/libc.a
LOAD /opt/st/stm32cubeide_1.19.0/plugins/com.st.stm32cube.ide.mcu.externaltools.gnu-tools-for-stm32.13.3.rel1.linux64_1.0.0.202410170706/tools/bin/../lib/gcc/arm-none-eabi/13.3.1/../../../../arm-none-eabi/lib/thumb/v7e-m+fp/hard/libm.a
LOAD /opt/st/stm32cubeide_1.19.0/plugins/com.st.stm32cube.ide.mcu.externaltools.gnu-tools-for-stm32.13.3.rel1.linux64_1.0.0.202410170706/tools/bin/../lib/gcc/arm-none-eabi/13.3.1/thumb/v7e-m+fp/hard/libgcc.a

.debug_info     0x00000000    0x1274c
 .debug_info    0x00000000     0x124d ./Core/Src/ili9488.o
 .debug_info    0x0000124d     0x2024 ./Core/Src/main.o
 .debug_info    0x00003271      0x934 ./Core/Src/platform.o
 .debug_info    0x00003ba5     0x132c ./Core/Src/stm32f4xx_hal_msp.o
 .debug_info    0x00004ed1      0x112 ./Core/Src/stm32f4xx_it.o
 .debug_info    0x00004fe3      0x6a3 ./Core/Src/syscalls.o
 .debug_info    0x00005686      0x168 ./Core/Src/sysmem.o
 .debug_info    0x000057ee      0x53e ./Core/Src/system_stm32f4xx.o
 .debug_info    0x00005d2c     0x11ff ./Core/Src/vl/vl53l7cx_api.o
 .debug_info    0x00006f2b       0x30 ./Core/Startup/startup_stm32f401retx.o
 .debug_info    0x00006f5b      0x8bb ./Drivers/STM32F4xx_HAL_Driver/Src/stm32f4xx_hal.o
 .debug_info    0x00007816      0xcf6 ./Drivers/STM32F4xx_HAL_Driver/Src/stm32f4xx_hal_cortex.o
 .debug_info    0x0000850c      0x6f9 ./Drivers/STM32F4xx_HAL_Driver/Src/stm32f4xx_hal_gpio.o
 .debug_info    0x00008c05     0x2426 ./Drivers/STM32F4xx_HAL_Driver/Src/stm32f4xx_hal_i2c.o
 .debug_info    0x0000b02b      0x905 ./Drivers/STM32F4xx_HAL_Driver/Src/stm32f4xx_hal_rcc.o
 .debug_info    0x0000b930     0x1530 ./Drivers/STM32F4xx_HAL_Driver/Src/stm32f4xx_hal_spi.o
 .debug_info    0x0000ce60     0x2996 ./Drivers/STM32F4xx_HAL_Driver/Src/stm32f4xx_hal_tim.o
 .debug_info    0x0000f7f6     0x2f56 ./Drivers/STM32F4xx_HAL_Driver/Src/stm32f4xx_hal_uart.o

.debug_abbrev   0x00000000     0x2598
 .debug_abbrev  0x00000000      0x29b ./Core/Src/ili9488.o
 .debug_abbrev  0x0000029b      0x380 ./Core/Src/main.o
 .debug_abbrev  0x0000061b      0x1d6 ./Core/Src/platform.o
 .debug_abbrev  0x000007f1      0x21d ./Core/Src/stm32f4xx_hal_msp.o
 .debug_abbrev  0x00000a0e       0x73 ./Core/Src/stm32f4xx_it.o
 .debug_abbrev  0x00000a81      0x1b6 ./Core/Src/syscalls.o
 .debug_abbrev  0x00000c37       0xbc ./Core/Src/sysmem.o
 .debug_abbrev  0x00000cf3      0x11a ./Core/Src/system_stm32f4xx.o
 .debug_abbrev  0x00000e0d      0x29e ./Core/Src/vl/vl53l7cx_api.o
 .debug_abbrev  0x000010ab       0x24 ./Core/Startup/startup_stm32f401retx.o
 .debug_abbrev  0x000010cf      0x24b ./Drivers/STM32F4xx_HAL_Driver/Src/stm32f4xx_hal.o
 .debug_abbrev  0x0000131a      0x31d ./Drivers/STM32F4xx_HAL_Driver/Src/stm32f4xx_hal_cortex.o
 .debug_abbrev  0x00001637      0x1d3 ./Drivers/STM32F4xx_HAL_Driver/Src/stm32f4xx_hal_gpio.o
 .debug_abbrev  0x0000180a      0x2bc ./Drivers/STM32F4xx_HAL_Driver/Src/stm32f4xx_hal_i2c.o
 .debug_abbrev  0x00001ac6      0x2b6 ./Drivers/STM32F4xx_HAL_Driver/Src/stm32f4xx_hal_rcc.o
 .debug_abbrev  0x00001d7c      0x276 ./Drivers/STM32F4xx_HAL_Driver/Src/stm32f4xx_hal_spi.o
 .debug_abbrev  0x00001ff2      0x28b ./Drivers/STM32F4xx_HAL_Driver/Src/stm32f4xx_hal_tim.o
 .debug_abbrev  0x0000227d      0x31b ./Drivers/STM32F4xx_HAL_Driver/Src/stm32f4xx_hal_uart.o

.debug_aranges  0x00000000     0x1220
 .debug_aranges
                0x00000000       0xe8 ./Core/Src/ili9488.o
 .debug_aranges
                0x000000e8       0xa8 ./Core/Src/main.o
 .debug_aranges
                0x00000190       0x50 ./Core/Src/platform.o
 .debug_aranges
                0x000001e0       0x60 ./Core/Src/stm32f4xx_hal_msp.o
 .debug_aranges
                0x00000240       0x60 ./Core/Src/stm32f4xx_it.o
 .debug_aranges
                0x000002a0       0xa8 ./Core/Src/syscalls.o
 .debug_aranges
                0x00000348       0x20 ./Core/Src/sysmem.o
 .debug_aranges
                0x00000368       0x28 ./Core/Src/system_stm32f4xx.o
 .debug_aranges
                0x00000390      0x118 ./Core/Src/vl/vl53l7cx_api.o
 .debug_aranges
                0x000004a8       0x28 ./Core/Startup/startup_stm32f401retx.o
 .debug_aranges
                0x000004d0       0xf0 ./Drivers/STM32F4xx_HAL_Driver/Src/stm32f4xx_hal.o
 .debug_aranges
                0x000005c0      0x130 ./Drivers/STM32F4xx_HAL_Driver/Src/stm32f4xx_hal_cortex.o
 .debug_aranges
                0x000006f0       0x58 ./Drivers/STM32F4xx_HAL_Driver/Src/stm32f4xx_hal_gpio.o
 .debug_aranges
                0x00000748      0x2a8 ./Drivers/STM32F4xx_HAL_Driver/Src/stm32f4xx_hal_i2c.o
 .debug_aranges
                0x000009f0       0x88 ./Drivers/STM32F4xx_HAL_Driver/Src/stm32f4xx_hal_rcc.o
 .debug_aranges
                0x00000a78      0x1d0 ./Drivers/STM32F4xx_HAL_Driver/Src/stm32f4xx_hal_spi.o
 .debug_aranges
                0x00000c48      0x3d0 ./Drivers/STM32F4xx_HAL_Driver/Src/stm32f4xx_hal_tim.o
 .debug_aranges
                0x00001018      0x208 ./Drivers/STM32F4xx_HAL_Driver/Src/stm32f4xx_hal_uart.o

.debug_rnglists
                0x00000000      0xe4f
 .debug_rnglists
                0x00000000       0xb9 ./Core/Src/ili9488.o
 .debug_rnglists
                0x000000b9       0x85 ./Core/Src/main.o
 .debug_rnglists
                0x0000013e       0x37 ./Core/Src/platform.o
 .debug_rnglists
                0x00000175       0x46 ./Core/Src/stm32f4xx_hal_msp.o
 .debug_rnglists
                0x000001bb       0x43 ./Core/Src/stm32f4xx_it.o
 .debug_rnglists
                0x000001fe       0x79 ./Core/Src/syscalls.o
 .debug_rnglists
                0x00000277       0x13 ./Core/Src/sysmem.o
 .debug_rnglists
                0x0000028a       0x1a ./Core/Src/system_stm32f4xx.o
 .debug_rnglists
                0x000002a4       0xdd ./Core/Src/vl/vl53l7cx_api.o
 .debug_rnglists
                0x00000381       0x19 ./Core/Startup/startup_stm32f401retx.o
 .debug_rnglists
                0x0000039a       0xaf ./Drivers/STM32F4xx_HAL_Driver/Src/stm32f4xx_hal.o
 .debug_rnglists
                0x00000449       0xe0 ./Drivers/STM32F4xx_HAL_Driver/Src/stm32f4xx_hal_cortex.o
 .debug_rnglists
                0x00000529       0x3f ./Drivers/STM32F4xx_HAL_Driver/Src/stm32f4xx_hal_gpio.o
 .debug_rnglists
                0x00000568      0x23c ./Drivers/STM32F4xx_HAL_Driver/Src/stm32f4xx_hal_i2c.o
 .debug_rnglists
                0x000007a4       0x66 ./Drivers/STM32F4xx_HAL_Driver/Src/stm32f4xx_hal_rcc.o
 .debug_rnglists
                0x0000080a      0x16f ./Drivers/STM32F4xx_HAL_Driver/Src/stm32f4xx_hal_spi.o
 .debug_rnglists
                0x00000979      0x31a ./Drivers/STM32F4xx_HAL_Driver/Src/stm32f4xx_hal_tim.o
 .debug_rnglists
                0x00000c93      0x1bc ./Drivers/STM32F4xx_HAL_Driver/Src/stm32f4xx_hal_uart.o

.debug_macro    0x00000000    0x18cb2
 .debug_macro   0x00000000      0x34f ./Core/Src/ili9488.o
 .debug_macro   0x0000034f      0xad8 ./Core/Src/ili9488.o
 .debug_macro   0x00000e27       0x22 ./Core/Src/ili9488.o
 .debug_macro   0x00000e49       0x5b ./Core/Src/ili9488.o
 .debug_macro   0x00000ea4       0x2a ./Core/Src/ili9488.o
 .debug_macro   0x00000ece       0x94 ./Core/Src/ili9488.o
 .debug_macro   0x00000f62       0x43 ./Core/Src/ili9488.o
 .debug_macro   0x00000fa5       0x34 ./Core/Src/ili9488.o
 .debug_macro   0x00000fd9      0x190 ./Core/Src/ili9488.o
 .debug_macro   0x00001169       0x57 ./Core/Src/ili9488.o
 .debug_macro   0x000011c0      0x370 ./Core/Src/ili9488.o
 .debug_macro   0x00001530       0x16 ./Core/Src/ili9488.o
 .debug_macro   0x00001546       0x4a ./Core/Src/ili9488.o
 .debug_macro   0x00001590       0x34 ./Core/Src/ili9488.o
 .debug_macro   0x000015c4       0x10 ./Core/Src/ili9488.o
 .debug_macro   0x000015d4       0x58 ./Core/Src/ili9488.o
 .debug_macro   0x0000162c       0x8e ./Core/Src/ili9488.o
 .debug_macro   0x000016ba       0x1c ./Core/Src/ili9488.o
 .debug_macro   0x000016d6      0x185 ./Core/Src/ili9488.o
 .debug_macro   0x0000185b      0x19b ./Core/Src/ili9488.o
 .debug_macro   0x000019f6       0x22 ./Core/Src/ili9488.o
 .debug_macro   0x00001a18      0x2a7 ./Core/Src/ili9488.o
 .debug_macro   0x00001cbf       0x2e ./Core/Src/ili9488.o
 .debug_macro   0x00001ced       0x28 ./Core/Src/ili9488.o
 .debug_macro   0x00001d15      0x103 ./Core/Src/ili9488.o
 .debug_macro   0x00001e18       0x6a ./Core/Src/ili9488.o
 .debug_macro   0x00001e82      0x1df ./Core/Src/ili9488.o
 .debug_macro   0x00002061       0x1c ./Core/Src/ili9488.o
 .debug_macro   0x0000207d       0x22 ./Core/Src/ili9488.o
 .debug_macro   0x0000209f       0xfb ./Core/Src/ili9488.o
 .debug_macro   0x0000219a     0x1011 ./Core/Src/ili9488.o
 .debug_macro   0x000031ab      0x11f ./Core/Src/ili9488.o
 .debug_macro   0x000032ca     0xb881 ./Core/Src/ili9488.o
 .debug_macro   0x0000eb4b       0x6d ./Core/Src/ili9488.o
 .debug_macro   0x0000ebb8     0x3693 ./Core/Src/ili9488.o
 .debug_macro   0x0001224b       0x56 ./Core/Src/ili9488.o
 .debug_macro   0x000122a1      0x416 ./Core/Src/ili9488.o
 .debug_macro   0x000126b7      0x9e9 ./Core/Src/ili9488.o
 .debug_macro   0x000130a0      0x115 ./Core/Src/ili9488.o
 .debug_macro   0x000131b5       0xf8 ./Core/Src/ili9488.o
 .debug_macro   0x000132ad       0xa5 ./Core/Src/ili9488.o
 .debug_macro   0x00013352      0x15f ./Core/Src/ili9488.o
 .debug_macro   0x000134b1      0x287 ./Core/Src/ili9488.o
 .debug_macro   0x00013738       0x5f ./Core/Src/ili9488.o
 .debug_macro   0x00013797      0x236 ./Core/Src/ili9488.o
 .debug_macro   0x000139cd      0x132 ./Core/Src/ili9488.o
 .debug_macro   0x00013aff      0x264 ./Core/Src/ili9488.o
 .debug_macro   0x00013d63       0x2e ./Core/Src/ili9488.o
 .debug_macro   0x00013d91      0x1b5 ./Core/Src/ili9488.o
 .debug_macro   0x00013f46       0x22 ./Core/Src/ili9488.o
 .debug_macro   0x00013f68       0xd6 ./Core/Src/ili9488.o
 .debug_macro   0x0001403e      0x127 ./Core/Src/ili9488.o
 .debug_macro   0x00014165       0x85 ./Core/Src/ili9488.o
 .debug_macro   0x000141ea       0x89 ./Core/Src/ili9488.o
 .debug_macro   0x00014273      0x225 ./Core/Src/ili9488.o
 .debug_macro   0x00014498      0x8ed ./Core/Src/ili9488.o
 .debug_macro   0x00014d85       0x47 ./Core/Src/ili9488.o
 .debug_macro   0x00014dcc      0x2aa ./Core/Src/ili9488.o
 .debug_macro   0x00015076      0x126 ./Core/Src/ili9488.o
 .debug_macro   0x0001519c       0x6a ./Core/Src/ili9488.o
 .debug_macro   0x00015206       0x16 ./Core/Src/ili9488.o
 .debug_macro   0x0001521c       0x3c ./Core/Src/ili9488.o
 .debug_macro   0x00015258       0x16 ./Core/Src/ili9488.o
 .debug_macro   0x0001526e       0x29 ./Core/Src/ili9488.o
 .debug_macro   0x00015297       0x1c ./Core/Src/ili9488.o
 .debug_macro   0x000152b3       0x10 ./Core/Src/ili9488.o
 .debug_macro   0x000152c3       0x1c ./Core/Src/ili9488.o
 .debug_macro   0x000152df       0x16 ./Core/Src/ili9488.o
 .debug_macro   0x000152f5      0x146 ./Core/Src/ili9488.o
 .debug_macro   0x0001543b       0x16 ./Core/Src/ili9488.o
 .debug_macro   0x00015451       0x20 ./Core/Src/ili9488.o
 .debug_macro   0x00015471      0x21a ./Core/Src/ili9488.o
 .debug_macro   0x0001568b      0x399 ./Core/Src/main.o
 .debug_macro   0x00015a24       0x8e ./Core/Src/main.o
 .debug_macro   0x00015ab2       0x51 ./Core/Src/main.o
 .debug_macro   0x00015b03       0x5c ./Core/Src/main.o
 .debug_macro   0x00015b5f       0x64 ./Core/Src/main.o
 .debug_macro   0x00015bc3       0x61 ./Core/Src/main.o
 .debug_macro   0x00015c24       0x10 ./Core/Src/main.o
 .debug_macro   0x00015c34       0x46 ./Core/Src/main.o
 .debug_macro   0x00015c7a      0x1f0 ./Core/Src/main.o
 .debug_macro   0x00015e6a      0x2cf ./Core/Src/platform.o
 .debug_macro   0x00016139      0x200 ./Core/Src/stm32f4xx_hal_msp.o
 .debug_macro   0x00016339      0x20a ./Core/Src/stm32f4xx_it.o
 .debug_macro   0x00016543      0x274 ./Core/Src/syscalls.o
 .debug_macro   0x000167b7       0x10 ./Core/Src/syscalls.o
 .debug_macro   0x000167c7       0x10 ./Core/Src/syscalls.o
 .debug_macro   0x000167d7       0x10 ./Core/Src/syscalls.o
 .debug_macro   0x000167e7       0x10 ./Core/Src/syscalls.o
 .debug_macro   0x000167f7       0x1c ./Core/Src/syscalls.o
 .debug_macro   0x00016813       0x52 ./Core/Src/syscalls.o
 .debug_macro   0x00016865       0x22 ./Core/Src/syscalls.o
 .debug_macro   0x00016887       0x10 ./Core/Src/syscalls.o
 .debug_macro   0x00016897       0x52 ./Core/Src/syscalls.o
 .debug_macro   0x000168e9       0xcf ./Core/Src/syscalls.o
 .debug_macro   0x000169b8       0x1c ./Core/Src/syscalls.o
 .debug_macro   0x000169d4       0x3d ./Core/Src/syscalls.o
 .debug_macro   0x00016a11       0x35 ./Core/Src/syscalls.o
 .debug_macro   0x00016a46      0x12c ./Core/Src/syscalls.o
 .debug_macro   0x00016b72       0x10 ./Core/Src/syscalls.o
 .debug_macro   0x00016b82      0x242 ./Core/Src/syscalls.o
 .debug_macro   0x00016dc4       0x10 ./Core/Src/syscalls.o
 .debug_macro   0x00016dd4      0x18a ./Core/Src/syscalls.o
 .debug_macro   0x00016f5e       0x16 ./Core/Src/syscalls.o
 .debug_macro   0x00016f74       0xce ./Core/Src/syscalls.o
 .debug_macro   0x00017042      0x112 ./Core/Src/sysmem.o
 .debug_macro   0x00017154      0x23c ./Core/Src/sysmem.o
 .debug_macro   0x00017390      0x1f1 ./Core/Src/system_stm32f4xx.o
 .debug_macro   0x00017581      0x30f ./Core/Src/vl/vl53l7cx_api.o
 .debug_macro   0x00017890      0x11c ./Core/Src/vl/vl53l7cx_api.o
 .debug_macro   0x000179ac       0x9b ./Core/Src/vl/vl53l7cx_api.o
 .debug_macro   0x00017a47      0x1ea ./Core/Src/vl/vl53l7cx_api.o
 .debug_macro   0x00017c31       0x10 ./Core/Src/vl/vl53l7cx_api.o
 .debug_macro   0x00017c41      0x251 ./Drivers/STM32F4xx_HAL_Driver/Src/stm32f4xx_hal.o
 .debug_macro   0x00017e92      0x1f1 ./Drivers/STM32F4xx_HAL_Driver/Src/stm32f4xx_hal_cortex.o
 .debug_macro   0x00018083      0x1f7 ./Drivers/STM32F4xx_HAL_Driver/Src/stm32f4xx_hal_gpio.o
 .debug_macro   0x0001827a      0x23f ./Drivers/STM32F4xx_HAL_Driver/Src/stm32f4xx_hal_i2c.o
 .debug_macro   0x000184b9      0x215 ./Drivers/STM32F4xx_HAL_Driver/Src/stm32f4xx_hal_rcc.o
 .debug_macro   0x000186ce      0x200 ./Drivers/STM32F4xx_HAL_Driver/Src/stm32f4xx_hal_spi.o
 .debug_macro   0x000188ce      0x1f2 ./Drivers/STM32F4xx_HAL_Driver/Src/stm32f4xx_hal_tim.o
 .debug_macro   0x00018ac0      0x1f2 ./Drivers/STM32F4xx_HAL_Driver/Src/stm32f4xx_hal_uart.o

.debug_line     0x00000000    0x1485c
 .debug_line    0x00000000     0x11db ./Core/Src/ili9488.o
 .debug_line    0x000011db      0xf58 ./Core/Src/main.o
 .debug_line    0x00002133      0x921 ./Core/Src/platform.o
 .debug_line    0x00002a54      0x805 ./Core/Src/stm32f4xx_hal_msp.o
 .debug_line    0x00003259      0x782 ./Core/Src/stm32f4xx_it.o
 .debug_line    0x000039db      0x7e1 ./Core/Src/syscalls.o
 .debug_line    0x000041bc      0x4bd ./Core/Src/sysmem.o
 .debug_line    0x00004679      0x749 ./Core/Src/system_stm32f4xx.o
 .debug_line    0x00004dc2     0x1a30 ./Core/Src/vl/vl53l7cx_api.o
 .debug_line    0x000067f2       0x7a ./Core/Startup/startup_stm32f401retx.o
 .debug_line    0x0000686c      0x9c5 ./Drivers/STM32F4xx_HAL_Driver/Src/stm32f4xx_hal.o
 .debug_line    0x00007231      0xc95 ./Drivers/STM32F4xx_HAL_Driver/Src/stm32f4xx_hal_cortex.o
 .debug_line    0x00007ec6      0xae1 ./Drivers/STM32F4xx_HAL_Driver/Src/stm32f4xx_hal_gpio.o
 .debug_line    0x000089a7     0x3a72 ./Drivers/STM32F4xx_HAL_Driver/Src/stm32f4xx_hal_i2c.o
 .debug_line    0x0000c419      0xdd2 ./Drivers/STM32F4xx_HAL_Driver/Src/stm32f4xx_hal_rcc.o
 .debug_line    0x0000d1eb     0x1c60 ./Drivers/STM32F4xx_HAL_Driver/Src/stm32f4xx_hal_spi.o
 .debug_line    0x0000ee4b     0x3504 ./Drivers/STM32F4xx_HAL_Driver/Src/stm32f4xx_hal_tim.o
 .debug_line    0x0001234f     0x250d ./Drivers/STM32F4xx_HAL_Driver/Src/stm32f4xx_hal_uart.o

.debug_str      0x00000000    0x95f5c
 .debug_str     0x00000000    0x95f5c ./Core/Src/ili9488.o
                              0x8e6c0 (size before relaxing)
 .debug_str     0x00095f5c    0x902ea ./Core/Src/main.o
 .debug_str     0x00095f5c    0x8cc28 ./Core/Src/platform.o
 .debug_str     0x00095f5c    0x8a29a ./Core/Src/stm32f4xx_hal_msp.o
 .debug_str     0x00095f5c    0x89596 ./Core/Src/stm32f4xx_it.o
 .debug_str     0x00095f5c     0x99c1 ./Core/Src/syscalls.o
 .debug_str     0x00095f5c     0x775f ./Core/Src/sysmem.o
 .debug_str     0x00095f5c    0x89571 ./Core/Src/system_stm32f4xx.o
 .debug_str     0x00095f5c    0x8dd85 ./Core/Src/vl/vl53l7cx_api.o
 .debug_str     0x00095f5c       0x61 ./Core/Startup/startup_stm32f401retx.o