../Core/Inc/mpu-xxx0.h:74:9:MPU_begin	48	static
../Core/Inc/mpu-xxx0.h:110:6:MPU_writeAccFullScaleRange	40	static
../Core/Inc/mpu-xxx0.h:149:6:MPU_writeGyroFullScaleRange	40	static
../Core/Inc/mpu-xxx0.h:187:6:MPU_readRawData	48	static
../Core/Inc/mpu-xxx0.h:208:6:MPU_calibrateGyro	32	static
../Core/Inc/mpu-xxx0.h:239:6:MPU_readProcessedData	16	static
../Core/Inc/mpu-xxx0.h:262:6:MPU_calcAttitude	32	static
../Core/Src/main.c:86:6:HAL_GPIO_EXTI_Callback	16	static
../Core/Src/main.c:99:5:main	200	static
../Core/Src/main.c:218:6:SystemClock_Config	88	static
../Core/Src/main.c:265:13:MX_I2C1_Init	8	static
../Core/Src/main.c:299:13:MX_SPI1_Init	8	static
../Core/Src/main.c:337:13:MX_TIM11_Init	8	static
../Core/Src/main.c:368:13:MX_USART2_UART_Init	8	static
../Core/Src/main.c:401:13:MX_GPIO_Init	40	static
../Core/Src/main.c:472:6:get_data_by_interrupt	24	static,ignoring_inline_asm
../Core/Src/main.c:503:6:get_data_by_polling	24	static
../Core/Src/main.c:541:6:Error_Handler	4	static,ignoring_inline_asm
